Archive member included to satisfy reference by file (symbol)

/home/bjoern/.cache/arduino/sketches/4432DD35AE75FBD70D30CE98BCB850DD/../../cores/sensebox_samd_sb_power_on_0743e0a0cbab6bbb1190cca0393ac711/core.a(SERCOM.cpp.o)
                              /home/bjoern/.cache/arduino/sketches/4432DD35AE75FBD70D30CE98BCB850DD/core/variant.cpp.o (SERCOM::SERCOM(Sercom*))
/home/bjoern/.cache/arduino/sketches/4432DD35AE75FBD70D30CE98BCB850DD/../../cores/sensebox_samd_sb_power_on_0743e0a0cbab6bbb1190cca0393ac711/core.a(CDC.cpp.o)
                              /home/bjoern/.cache/arduino/sketches/4432DD35AE75FBD70D30CE98BCB850DD/sketch/direct-serial.ino.cpp.o (Serial_::begin(unsigned long))
/home/bjoern/.cache/arduino/sketches/4432DD35AE75FBD70D30CE98BCB850DD/../../cores/sensebox_samd_sb_power_on_0743e0a0cbab6bbb1190cca0393ac711/core.a(USBCore.cpp.o)
                              /home/bjoern/.cache/arduino/sketches/4432DD35AE75FBD70D30CE98BCB850DD/../../cores/sensebox_samd_sb_power_on_0743e0a0cbab6bbb1190cca0393ac711/core.a(CDC.cpp.o) (usbd)
/home/bjoern/.cache/arduino/sketches/4432DD35AE75FBD70D30CE98BCB850DD/../../cores/sensebox_samd_sb_power_on_0743e0a0cbab6bbb1190cca0393ac711/core.a(Uart.cpp.o)
                              /home/bjoern/.cache/arduino/sketches/4432DD35AE75FBD70D30CE98BCB850DD/sketch/direct-serial.ino.cpp.o (Uart::begin(unsigned long))
/home/bjoern/.cache/arduino/sketches/4432DD35AE75FBD70D30CE98BCB850DD/../../cores/sensebox_samd_sb_power_on_0743e0a0cbab6bbb1190cca0393ac711/core.a(PluggableUSB.cpp.o)
                              /home/bjoern/.cache/arduino/sketches/4432DD35AE75FBD70D30CE98BCB850DD/../../cores/sensebox_samd_sb_power_on_0743e0a0cbab6bbb1190cca0393ac711/core.a(USBCore.cpp.o) (arduino::PluggableUSB_::getInterface(unsigned char*))
/home/bjoern/.cache/arduino/sketches/4432DD35AE75FBD70D30CE98BCB850DD/../../cores/sensebox_samd_sb_power_on_0743e0a0cbab6bbb1190cca0393ac711/core.a(Print.cpp.o)
                              /home/bjoern/.cache/arduino/sketches/4432DD35AE75FBD70D30CE98BCB850DD/../../cores/sensebox_samd_sb_power_on_0743e0a0cbab6bbb1190cca0393ac711/core.a(Uart.cpp.o) (arduino::Print::write(unsigned char const*, unsigned int))
/home/bjoern/.cache/arduino/sketches/4432DD35AE75FBD70D30CE98BCB850DD/../../cores/sensebox_samd_sb_power_on_0743e0a0cbab6bbb1190cca0393ac711/core.a(Stream.cpp.o)
                              /home/bjoern/.cache/arduino/sketches/4432DD35AE75FBD70D30CE98BCB850DD/sketch/direct-serial.ino.cpp.o (arduino::Stream::readString())
/home/bjoern/.cache/arduino/sketches/4432DD35AE75FBD70D30CE98BCB850DD/../../cores/sensebox_samd_sb_power_on_0743e0a0cbab6bbb1190cca0393ac711/core.a(String.cpp.o)
                              /home/bjoern/.cache/arduino/sketches/4432DD35AE75FBD70D30CE98BCB850DD/sketch/direct-serial.ino.cpp.o (arduino::String::~String())
/home/bjoern/.cache/arduino/sketches/4432DD35AE75FBD70D30CE98BCB850DD/../../cores/sensebox_samd_sb_power_on_0743e0a0cbab6bbb1190cca0393ac711/core.a(dtostrf.c.o)
                              /home/bjoern/.cache/arduino/sketches/4432DD35AE75FBD70D30CE98BCB850DD/../../cores/sensebox_samd_sb_power_on_0743e0a0cbab6bbb1190cca0393ac711/core.a(String.cpp.o) (dtostrf)
/home/bjoern/.cache/arduino/sketches/4432DD35AE75FBD70D30CE98BCB850DD/../../cores/sensebox_samd_sb_power_on_0743e0a0cbab6bbb1190cca0393ac711/core.a(cortex_handlers.c.o)
                              (Reset_Handler)
/home/bjoern/.cache/arduino/sketches/4432DD35AE75FBD70D30CE98BCB850DD/../../cores/sensebox_samd_sb_power_on_0743e0a0cbab6bbb1190cca0393ac711/core.a(delay.c.o)
                              /home/bjoern/.cache/arduino/sketches/4432DD35AE75FBD70D30CE98BCB850DD/sketch/direct-serial.ino.cpp.o (millis)
/home/bjoern/.cache/arduino/sketches/4432DD35AE75FBD70D30CE98BCB850DD/../../cores/sensebox_samd_sb_power_on_0743e0a0cbab6bbb1190cca0393ac711/core.a(hooks.c.o)
                              /home/bjoern/.cache/arduino/sketches/4432DD35AE75FBD70D30CE98BCB850DD/../../cores/sensebox_samd_sb_power_on_0743e0a0cbab6bbb1190cca0393ac711/core.a(delay.c.o) (yield)
/home/bjoern/.cache/arduino/sketches/4432DD35AE75FBD70D30CE98BCB850DD/../../cores/sensebox_samd_sb_power_on_0743e0a0cbab6bbb1190cca0393ac711/core.a(itoa.c.o)
                              /home/bjoern/.cache/arduino/sketches/4432DD35AE75FBD70D30CE98BCB850DD/../../cores/sensebox_samd_sb_power_on_0743e0a0cbab6bbb1190cca0393ac711/core.a(String.cpp.o) (ltoa)
/home/bjoern/.cache/arduino/sketches/4432DD35AE75FBD70D30CE98BCB850DD/../../cores/sensebox_samd_sb_power_on_0743e0a0cbab6bbb1190cca0393ac711/core.a(main.cpp.o)
                              /home/bjoern/.arduino15/packages/arduino/tools/arm-none-eabi-gcc/7-2017q4/bin/../lib/gcc/arm-none-eabi/7.2.1/../../../../arm-none-eabi/lib/thumb/v6-m/crt0.o (main)
/home/bjoern/.cache/arduino/sketches/4432DD35AE75FBD70D30CE98BCB850DD/../../cores/sensebox_samd_sb_power_on_0743e0a0cbab6bbb1190cca0393ac711/core.a(new.cpp.o)
[...]
Memory Configuration

Name             Origin             Length             Attributes
FLASH            0x0000000000002000 0x000000000003e000 xr
RAM              0x0000000020000000 0x0000000000008000 xrw
*default*        0x0000000000000000 0xffffffffffffffff

Linker script and memory map

LOAD /home/bjoern/.arduino15/packages/arduino/tools/arm-none-eabi-gcc/7-2017q4/bin/../lib/gcc/arm-none-eabi/7.2.1/thumb/v6-m/crti.o
LOAD /home/bjoern/.arduino15/packages/arduino/tools/arm-none-eabi-gcc/7-2017q4/bin/../lib/gcc/arm-none-eabi/7.2.1/thumb/v6-m/crtbegin.o
LOAD /home/bjoern/.arduino15/packages/arduino/tools/arm-none-eabi-gcc/7-2017q4/bin/../lib/gcc/arm-none-eabi/7.2.1/../../../../arm-none-eabi/lib/thumb/v6-m/crt0.o
LOAD /home/bjoern/.cache/arduino/sketches/4432DD35AE75FBD70D30CE98BCB850DD/sketch/direct-serial.ino.cpp.o
LOAD /home/bjoern/.cache/arduino/sketches/4432DD35AE75FBD70D30CE98BCB850DD/core/variant.cpp.o
START GROUP
LOAD /home/bjoern/.arduino15/packages/arduino/tools/CMSIS/4.5.0/CMSIS/Lib/GCC//libarm_cortexM0l_math.a
LOAD /home/bjoern/.cache/arduino/sketches/4432DD35AE75FBD70D30CE98BCB850DD/../../cores/sensebox_samd_sb_power_on_0743e0a0cbab6bbb1190cca0393ac711/core.a
END GROUP
LOAD /home/bjoern/.arduino15/packages/arduino/tools/arm-none-eabi-gcc/7-2017q4/bin/../lib/gcc/arm-none-eabi/7.2.1/../../../../arm-none-eabi/lib/thumb/v6-m/libstdc++_nano.a
LOAD /home/bjoern/.arduino15/packages/arduino/tools/arm-none-eabi-gcc/7-2017q4/bin/../lib/gcc/arm-none-eabi/7.2.1/../../../../arm-none-eabi/lib/thumb/v6-m/libm.a
START GROUP
LOAD /home/bjoern/.arduino15/packages/arduino/tools/arm-none-eabi-gcc/7-2017q4/bin/../lib/gcc/arm-none-eabi/7.2.1/thumb/v6-m/libgcc.a
LOAD /home/bjoern/.arduino15/packages/arduino/tools/arm-none-eabi-gcc/7-2017q4/bin/../lib/gcc/arm-none-eabi/7.2.1/../../../../arm-none-eabi/lib/thumb/v6-m/libc_nano.a
END GROUP
START GROUP
LOAD /home/bjoern/.arduino15/packages/arduino/tools/arm-none-eabi-gcc/7-2017q4/bin/../lib/gcc/arm-none-eabi/7.2.1/thumb/v6-m/libgcc.a
LOAD /home/bjoern/.arduino15/packages/arduino/tools/arm-none-eabi-gcc/7-2017q4/bin/../lib/gcc/arm-none-eabi/7.2.1/../../../../arm-none-eabi/lib/thumb/v6-m/libc_nano.a
LOAD /home/bjoern/.arduino15/packages/arduino/tools/arm-none-eabi-gcc/7-2017q4/bin/../lib/gcc/arm-none-eabi/7.2.1/../../../../arm-none-eabi/lib/thumb/v6-m/libnosys.a
END GROUP
START GROUP
LOAD /home/bjoern/.arduino15/packages/arduino/tools/arm-none-eabi-gcc/7-2017q4/bin/../lib/gcc/arm-none-eabi/7.2.1/thumb/v6-m/libgcc.a
LOAD /home/bjoern/.arduino15/packages/arduino/tools/arm-none-eabi-gcc/7-2017q4/bin/../lib/gcc/arm-none-eabi/7.2.1/../../../../arm-none-eabi/lib/thumb/v6-m/libc_nano.a
LOAD /home/bjoern/.arduino15/packages/arduino/tools/arm-none-eabi-gcc/7-2017q4/bin/../lib/gcc/arm-none-eabi/7.2.1/../../../../arm-none-eabi/lib/thumb/v6-m/libnosys.a
END GROUP
LOAD /home/bjoern/.arduino15/packages/arduino/tools/arm-none-eabi-gcc/7-2017q4/bin/../lib/gcc/arm-none-eabi/7.2.1/thumb/v6-m/crtend.o
LOAD /home/bjoern/.arduino15/packages/arduino/tools/arm-none-eabi-gcc/7-2017q4/bin/../lib/gcc/arm-none-eabi/7.2.1/thumb/v6-m/crtn.o

.text           0x0000000000002000     0x2f58
                0x0000000000002000                __text_start__ = .
 *(.sketch_boot)
                0x0000000000002000                . = ALIGN (0x2000)
 *(.isr_vector)
 .isr_vector    0x0000000000002000       0xb4 /home/bjoern/.cache/arduino/sketches/4432DD35AE75FBD70D30CE98BCB850DD/../../cores/sensebox_samd_sb_power_on_0743e0a0cbab6bbb1190cca0393ac711/core.a(cortex_handlers.c.o)
                0x0000000000002000                exception_table
 *(.text*)
 .text          0x00000000000020b4       0x48 /home/bjoern/.arduino15/packages/arduino/tools/arm-none-eabi-gcc/7-2017q4/bin/../lib/gcc/arm-none-eabi/7.2.1/thumb/v6-m/crtbegin.o
 .text.startup._GLOBAL__sub_I_data
                0x00000000000020fc       0x28 /home/bjoern/.cache/arduino/sketches/4432DD35AE75FBD70D30CE98BCB850DD/sketch/direct-serial.ino.cpp.o
 .text.setup    0x0000000000002124       0x2c /home/bjoern/.cache/arduino/sketches/4432DD35AE75FBD70D30CE98BCB850DD/sketch/direct-serial.ino.cpp.o
                0x0000000000002124                setup
 .text.loop     0x0000000000002150       0xc4 /home/bjoern/.cache/arduino/sketches/4432DD35AE75FBD70D30CE98BCB850DD/sketch/direct-serial.ino.cpp.o
                0x0000000000002150                loop
 .text.SERCOM3_Handler
                0x0000000000002214       0x10 /home/bjoern/.cache/arduino/sketches/4432DD35AE75FBD70D30CE98BCB850DD/core/variant.cpp.o
                0x0000000000002214                SERCOM3_Handler
 .text.SERCOM4_Handler
                0x0000000000002224       0x10 /home/bjoern/.cache/arduino/sketches/4432DD35AE75FBD70D30CE98BCB850DD/core/variant.cpp.o
                0x0000000000002224                SERCOM4_Handler
 .text.SERCOM5_Handler
                0x0000000000002234       0x10 /home/bjoern/.cache/arduino/sketches/4432DD35AE75FBD70D30CE98BCB850DD/core/variant.cpp.o
                0x0000000000002234                SERCOM5_Handler
 .text.startup._GLOBAL__sub_I_g_APinDescription
                0x0000000000002244       0xb0 /home/bjoern/.cache/arduino/sketches/4432DD35AE75FBD70D30CE98BCB850DD/core/variant.cpp.o
 .text._ZN6SERCOMC2EP6Sercom
                0x00000000000022f4        0x8 /home/bjoern/.cache/arduino/sketches/4432DD35AE75FBD70D30CE98BCB850DD/../../cores/sensebox_samd_sb_power_on_0743e0a0cbab6bbb1190cca0393ac711/core.a(SERCOM.cpp.o)
                0x00000000000022f4                SERCOM::SERCOM(Sercom*)
                0x00000000000022f4                SERCOM::SERCOM(Sercom*)
 .text._ZN6SERCOM9initFrameE18SercomUartCharSize15SercomDataOrder16SercomParityMode19SercomNumberStopBit
                0x00000000000022fc       0x3a /home/bjoern/.cache/arduino/sketches/4432DD35AE75FBD70D30CE98BCB850DD/../../cores/sensebox_samd_sb_power_on_0743e0a0cbab6bbb1190cca0393ac711/core.a(SERCOM.cpp.o)
                0x00000000000022fc                SERCOM::initFrame(SercomUartCharSize, SercomDataOrder, SercomParityMode, SercomNumberStopBit)
 .text._ZN6SERCOM8initPadsE15SercomUartTXPad11SercomRXPad
                0x0000000000002336       0x26 /home/bjoern/.cache/arduino/sketches/4432DD35AE75FBD70D30CE98BCB850DD/../../cores/sensebox_samd_sb_power_on_0743e0a0cbab6bbb1190cca0393ac711/core.a(SERCOM.cpp.o)
                0x0000000000002336                SERCOM::initPads(SercomUartTXPad, SercomRXPad)
 .text._ZN6SERCOM9resetUARTEv
                0x000000000000235c       0x1a /home/bjoern/.cache/arduino/sketches/4432DD35AE75FBD70D30CE98BCB850DD/../../cores/sensebox_samd_sb_power_on_0743e0a0cbab6bbb1190cca0393ac711/core.a(SERCOM.cpp.o)
                0x000000000000235c                SERCOM::resetUART()
 .text._ZN6SERCOM10enableUARTEv
                0x0000000000002376       0x14 /home/bjoern/.cache/arduino/sketches/4432DD35AE75FBD70D30CE98BCB850DD/../../cores/sensebox_samd_sb_power_on_0743e0a0cbab6bbb1190cca0393ac711/core.a(SERCOM.cpp.o)
                0x0000000000002376                SERCOM::enableUART()
 .text._ZN6SERCOM9flushUARTEv
                0x000000000000238a       0x14 /home/bjoern/.cache/arduino/sketches/4432DD35AE75FBD70D30CE98BCB850DD/../../cores/sensebox_samd_sb_power_on_0743e0a0cbab6bbb1190cca0393ac711/core.a(SERCOM.cpp.o)
                0x000000000000238a                SERCOM::flushUART()
 .text._ZN6SERCOM15clearStatusUARTEv
                0x000000000000239e        0x8 /home/bjoern/.cache/arduino/sketches/4432DD35AE75FBD70D30CE98BCB850DD/../../cores/sensebox_samd_sb_power_on_0743e0a0cbab6bbb1190cca0393ac711/core.a(SERCOM.cpp.o)
                0x000000000000239e                SERCOM::clearStatusUART()
 .text._ZN6SERCOM17availableDataUARTEv
                0x00000000000023a6        0xa /home/bjoern/.cache/arduino/sketches/4432DD35AE75FBD70D30CE98BCB850DD/../../cores/sensebox_samd_sb_power_on_0743e0a0cbab6bbb1190cca0393ac711/core.a(SERCOM.cpp.o)
                0x00000000000023a6                SERCOM::availableDataUART()
 .text._ZN6SERCOM11isUARTErrorEv
                0x00000000000023b0        0x8 /home/bjoern/.cache/arduino/sketches/4432DD35AE75FBD70D30CE98BCB850DD/../../cores/sensebox_samd_sb_power_on_0743e0a0cbab6bbb1190cca0393ac711/core.a(SERCOM.cpp.o)
                0x00000000000023b0                SERCOM::isUARTError()
 .text._ZN6SERCOM20acknowledgeUARTErrorEv
                0x00000000000023b8        0xe /home/bjoern/.cache/arduino/sketches/4432DD35AE75FBD70D30CE98BCB850DD/../../cores/sensebox_samd_sb_power_on_0743e0a0cbab6bbb1190cca0393ac711/core.a(SERCOM.cpp.o)
                0x00000000000023b8                SERCOM::acknowledgeUARTError()
 .text._ZN6SERCOM16isFrameErrorUARTEv
                0x00000000000023c6        0xa /home/bjoern/.cache/arduino/sketches/4432DD35AE75FBD70D30CE98BCB850DD/../../cores/sensebox_samd_sb_power_on_0743e0a0cbab6bbb1190cca0393ac711/core.a(SERCOM.cpp.o)
                0x00000000000023c6                SERCOM::isFrameErrorUART()
 .text._ZN6SERCOM19clearFrameErrorUARTEv
                0x00000000000023d0        0xc /home/bjoern/.cache/arduino/sketches/4432DD35AE75FBD70D30CE98BCB850DD/../../cores/sensebox_samd_sb_power_on_0743e0a0cbab6bbb1190cca0393ac711/core.a(SERCOM.cpp.o)
                0x00000000000023d0                SERCOM::clearFrameErrorUART()
 .text._ZN6SERCOM23isDataRegisterEmptyUARTEv
                0x00000000000023dc        0xa /home/bjoern/.cache/arduino/sketches/4432DD35AE75FBD70D30CE98BCB850DD/../../cores/sensebox_samd_sb_power_on_0743e0a0cbab6bbb1190cca0393ac711/core.a(SERCOM.cpp.o)
                0x00000000000023dc                SERCOM::isDataRegisterEmptyUART()
 .text._ZN6SERCOM12readDataUARTEv
                0x00000000000023e6        0x8 /home/bjoern/.cache/arduino/sketches/4432DD35AE75FBD70D30CE98BCB850DD/../../cores/sensebox_samd_sb_power_on_0743e0a0cbab6bbb1190cca0393ac711/core.a(SERCOM.cpp.o)
                0x00000000000023e6                SERCOM::readDataUART()
 .text._ZN6SERCOM13writeDataUARTEh
                0x00000000000023ee       0x14 /home/bjoern/.cache/arduino/sketches/4432DD35AE75FBD70D30CE98BCB850DD/../../cores/sensebox_samd_sb_power_on_0743e0a0cbab6bbb1190cca0393ac711/core.a(SERCOM.cpp.o)
                0x00000000000023ee                SERCOM::writeDataUART(unsigned char)
 .text._ZN6SERCOM36enableDataRegisterEmptyInterruptUARTEv
                0x0000000000002402        0x8 /home/bjoern/.cache/arduino/sketches/4432DD35AE75FBD70D30CE98BCB850DD/../../cores/sensebox_samd_sb_power_on_0743e0a0cbab6bbb1190cca0393ac711/core.a(SERCOM.cpp.o)
                0x0000000000002402                SERCOM::enableDataRegisterEmptyInterruptUART()
 .text._ZN6SERCOM37disableDataRegisterEmptyInterruptUARTEv
                0x000000000000240a        0x8 /home/bjoern/.cache/arduino/sketches/4432DD35AE75FBD70D30CE98BCB850DD/../../cores/sensebox_samd_sb_power_on_0743e0a0cbab6bbb1190cca0393ac711/core.a(SERCOM.cpp.o)
                0x000000000000240a                SERCOM::disableDataRegisterEmptyInterruptUART()
 *fill*         0x0000000000002412        0x2 
 .text._ZN6SERCOM13initClockNVICEv
                0x0000000000002414       0xa8 /home/bjoern/.cache/arduino/sketches/4432DD35AE75FBD70D30CE98BCB850DD/../../cores/sensebox_samd_sb_power_on_0743e0a0cbab6bbb1190cca0393ac711/core.a(SERCOM.cpp.o)
                0x0000000000002414                SERCOM::initClockNVIC()
 .text._ZN6SERCOM8initUARTE14SercomUartMode20SercomUartSampleRatem
                0x00000000000024bc       0x6c /home/bjoern/.cache/arduino/sketches/4432DD35AE75FBD70D30CE98BCB850DD/../../cores/sensebox_samd_sb_power_on_0743e0a0cbab6bbb1190cca0393ac711/core.a(SERCOM.cpp.o)
                0x00000000000024bc                SERCOM::initUART(SercomUartMode, SercomUartSampleRate, unsigned long)
 .text._ZN7Serial_13getDescriptorERN7arduino8USBSetupE
                0x0000000000002528        0x4 /home/bjoern/.cache/arduino/sketches/4432DD35AE75FBD70D30CE98BCB850DD/../../cores/sensebox_samd_sb_power_on_0743e0a0cbab6bbb1190cca0393ac711/core.a(CDC.cpp.o)
                0x0000000000002528                Serial_::getDescriptor(arduino::USBSetup&)
 .text._ZL5utox8mPc
                0x000000000000252c       0x24 /home/bjoern/.cache/arduino/sketches/4432DD35AE75FBD70D30CE98BCB850DD/../../cores/sensebox_samd_sb_power_on_0743e0a0cbab6bbb1190cca0393ac711/core.a(CDC.cpp.o)
 .text._ZN7Serial_12getShortNameEPc
                0x0000000000002550       0x44 /home/bjoern/.cache/arduino/sketches/4432DD35AE75FBD70D30CE98BCB850DD/../../cores/sensebox_samd_sb_power_on_0743e0a0cbab6bbb1190cca0393ac711/core.a(CDC.cpp.o)
                0x0000000000002550                Serial_::getShortName(char*)
 .text._ZThn16_N7Serial_12getShortNameEPc
                0x0000000000002594       0x10 /home/bjoern/.cache/arduino/sketches/4432DD35AE75FBD70D30CE98BCB850DD/../../cores/sensebox_samd_sb_power_on_0743e0a0cbab6bbb1190cca0393ac711/core.a(CDC.cpp.o)
                0x0000000000002594                non-virtual thunk to Serial_::getShortName(char*)
 .text._ZN7Serial_5beginEm
                0x00000000000025a4        0x2 /home/bjoern/.cache/arduino/sketches/4432DD35AE75FBD70D30CE98BCB850DD/../../cores/sensebox_samd_sb_power_on_0743e0a0cbab6bbb1190cca0393ac711/core.a(CDC.cpp.o)
                0x00000000000025a4                Serial_::begin(unsigned long)
 .text._ZN7Serial_5beginEmt
                0x00000000000025a6        0x2 /home/bjoern/.cache/arduino/sketches/4432DD35AE75FBD70D30CE98BCB850DD/../../cores/sensebox_samd_sb_power_on_0743e0a0cbab6bbb1190cca0393ac711/core.a(CDC.cpp.o)
                0x00000000000025a6                Serial_::begin(unsigned long, unsigned short)
 .text._ZN7Serial_17availableForWriteEv
                0x00000000000025a8        0x4 /home/bjoern/.cache/arduino/sketches/4432DD35AE75FBD70D30CE98BCB850DD/../../cores/sensebox_samd_sb_power_on_0743e0a0cbab6bbb1190cca0393ac711/core.a(CDC.cpp.o)
                0x00000000000025a8                Serial_::availableForWrite()
 .text._ZN7Serial_5writeEh
                0x00000000000025ac       0x14 /home/bjoern/.cache/arduino/sketches/4432DD35AE75FBD70D30CE98BCB850DD/../../cores/sensebox_samd_sb_power_on_0743e0a0cbab6bbb1190cca0393ac711/core.a(CDC.cpp.o)
                0x00000000000025ac                Serial_::write(unsigned char)
 .text._ZN7Serial_12getInterfaceEPh
                0x00000000000025c0      0x11c /home/bjoern/.cache/arduino/sketches/4432DD35AE75FBD70D30CE98BCB850DD/../../cores/sensebox_samd_sb_power_on_0743e0a0cbab6bbb1190cca0393ac711/core.a(CDC.cpp.o)
                0x00000000000025c0                Serial_::getInterface(unsigned char*)
 .text._ZThn16_N7Serial_12getInterfaceEPh
                0x00000000000026dc       0x10 /home/bjoern/.cache/arduino/sketches/4432DD35AE75FBD70D30CE98BCB850DD/../../cores/sensebox_samd_sb_power_on_0743e0a0cbab6bbb1190cca0393ac711/core.a(CDC.cpp.o)
                0x00000000000026dc                non-virtual thunk to Serial_::getInterface(unsigned char*)
 .text._ZN7Serial_5setupERN7arduino8USBSetupE
                0x00000000000026ec       0x9c /home/bjoern/.cache/arduino/sketches/4432DD35AE75FBD70D30CE98BCB850DD/../../cores/sensebox_samd_sb_power_on_0743e0a0cbab6bbb1190cca0393ac711/core.a(CDC.cpp.o)
                0x00000000000026ec                Serial_::setup(arduino::USBSetup&)
 .text._ZThn16_N7Serial_5setupERN7arduino8USBSetupE
                0x0000000000002788       0x10 /home/bjoern/.cache/arduino/sketches/4432DD35AE75FBD70D30CE98BCB850DD/../../cores/sensebox_samd_sb_power_on_0743e0a0cbab6bbb1190cca0393ac711/core.a(CDC.cpp.o)
                0x0000000000002788                non-virtual thunk to Serial_::setup(arduino::USBSetup&)
 .text._ZN7Serial_3endEv
                0x0000000000002798        0xe /home/bjoern/.cache/arduino/sketches/4432DD35AE75FBD70D30CE98BCB850DD/../../cores/sensebox_samd_sb_power_on_0743e0a0cbab6bbb1190cca0393ac711/core.a(CDC.cpp.o)
                0x0000000000002798                Serial_::end()
 *fill*         0x00000000000027a6        0x2 
 .text._ZN7Serial_9availableEv
                0x00000000000027a8       0x20 /home/bjoern/.cache/arduino/sketches/4432DD35AE75FBD70D30CE98BCB850DD/../../cores/sensebox_samd_sb_power_on_0743e0a0cbab6bbb1190cca0393ac711/core.a(CDC.cpp.o)
                0x00000000000027a8                Serial_::available()
 .text._ZN7Serial_5flushEv
                0x00000000000027c8        0xe /home/bjoern/.cache/arduino/sketches/4432DD35AE75FBD70D30CE98BCB850DD/../../cores/sensebox_samd_sb_power_on_0743e0a0cbab6bbb1190cca0393ac711/core.a(CDC.cpp.o)
                0x00000000000027c8                Serial_::flush()
 .text._ZN7Serial_5clearEv
                0x00000000000027d6        0xe /home/bjoern/.cache/arduino/sketches/4432DD35AE75FBD70D30CE98BCB850DD/../../cores/sensebox_samd_sb_power_on_0743e0a0cbab6bbb1190cca0393ac711/core.a(CDC.cpp.o)
                0x00000000000027d6                Serial_::clear()
 .text._ZN7Serial_5writeEPKhj
                0x00000000000027e4       0x1e /home/bjoern/.cache/arduino/sketches/4432DD35AE75FBD70D30CE98BCB850DD/../../cores/sensebox_samd_sb_power_on_0743e0a0cbab6bbb1190cca0393ac711/core.a(CDC.cpp.o)
                0x00000000000027e4                Serial_::write(unsigned char const*, unsigned int)
 *fill*         0x0000000000002802        0x2 
 .text._ZN7Serial_4peekEv
                0x0000000000002804       0x1c /home/bjoern/.cache/arduino/sketches/4432DD35AE75FBD70D30CE98BCB850DD/../../cores/sensebox_samd_sb_power_on_0743e0a0cbab6bbb1190cca0393ac711/core.a(CDC.cpp.o)
                0x0000000000002804                Serial_::peek()
 .text._ZN7Serial_4readEv
                0x0000000000002820       0x24 /home/bjoern/.cache/arduino/sketches/4432DD35AE75FBD70D30CE98BCB850DD/../../cores/sensebox_samd_sb_power_on_0743e0a0cbab6bbb1190cca0393ac711/core.a(CDC.cpp.o)
                0x0000000000002820                Serial_::read()
 .text._ZN7Serial_cvbEv
                0x0000000000002844       0x26 /home/bjoern/.cache/arduino/sketches/4432DD35AE75FBD70D30CE98BCB850DD/../../cores/sensebox_samd_sb_power_on_0743e0a0cbab6bbb1190cca0393ac711/core.a(CDC.cpp.o)
                0x0000000000002844                Serial_::operator bool()
 .text._ZThn16_N7Serial_13getDescriptorERN7arduino8USBSetupE
                0x000000000000286a        0x4 /home/bjoern/.cache/arduino/sketches/4432DD35AE75FBD70D30CE98BCB850DD/../../cores/sensebox_samd_sb_power_on_0743e0a0cbab6bbb1190cca0393ac711/core.a(CDC.cpp.o)
                0x000000000000286a                non-virtual thunk to Serial_::getDescriptor(arduino::USBSetup&)
 .text.resetExternalChip
                0x000000000000286e        0x2 /home/bjoern/.cache/arduino/sketches/4432DD35AE75FBD70D30CE98BCB850DD/../../cores/sensebox_samd_sb_power_on_0743e0a0cbab6bbb1190cca0393ac711/core.a(CDC.cpp.o)
                0x000000000000286e                resetExternalChip
 .text._ZN7Serial_14handleEndpointEi
                0x0000000000002870        0x2 /home/bjoern/.cache/arduino/sketches/4432DD35AE75FBD70D30CE98BCB850DD/../../cores/sensebox_samd_sb_power_on_0743e0a0cbab6bbb1190cca0393ac711/core.a(CDC.cpp.o)
                0x0000000000002870                Serial_::handleEndpoint(int)
 *fill*         0x0000000000002872        0x2 
 .text._ZN7Serial_C2ER14USBDeviceClass
                0x0000000000002874       0x5c /home/bjoern/.cache/arduino/sketches/4432DD35AE75FBD70D30CE98BCB850DD/../../cores/sensebox_samd_sb_power_on_0743e0a0cbab6bbb1190cca0393ac711/core.a(CDC.cpp.o)
                0x0000000000002874                Serial_::Serial_(USBDeviceClass&)
                0x0000000000002874                Serial_::Serial_(USBDeviceClass&)
 .text._ZN7Serial_15enableInterruptEv
                0x00000000000028d0       0x30 /home/bjoern/.cache/arduino/sketches/4432DD35AE75FBD70D30CE98BCB850DD/../../cores/sensebox_samd_sb_power_on_0743e0a0cbab6bbb1190cca0393ac711/core.a(CDC.cpp.o)
                0x00000000000028d0                Serial_::enableInterrupt()
 .text.startup._GLOBAL__sub_I__ZN7Serial_12getInterfaceEPh
                0x0000000000002900       0x14 /home/bjoern/.cache/arduino/sketches/4432DD35AE75FBD70D30CE98BCB850DD/../../cores/sensebox_samd_sb_power_on_0743e0a0cbab6bbb1190cca0393ac711/core.a(CDC.cpp.o)
 .text._ZN26DoubleBufferedEPOutHandlerD2Ev
                0x0000000000002914        0x2 /home/bjoern/.cache/arduino/sketches/4432DD35AE75FBD70D30CE98BCB850DD/../../cores/sensebox_samd_sb_power_on_0743e0a0cbab6bbb1190cca0393ac711/core.a(USBCore.cpp.o)
                0x0000000000002914                DoubleBufferedEPOutHandler::~DoubleBufferedEPOutHandler()
                0x0000000000002914                DoubleBufferedEPOutHandler::~DoubleBufferedEPOutHandler()
 .text._ZN26DoubleBufferedEPOutHandlerD0Ev
                0x0000000000002916        0xc /home/bjoern/.cache/arduino/sketches/4432DD35AE75FBD70D30CE98BCB850DD/../../cores/sensebox_samd_sb_power_on_0743e0a0cbab6bbb1190cca0393ac711/core.a(USBCore.cpp.o)
                0x0000000000002916                DoubleBufferedEPOutHandler::~DoubleBufferedEPOutHandler()
 *fill*         0x0000000000002922        0x2 
 .text._ZN14USBDeviceClass6initEPEmm.part.7
                0x0000000000002924       0xc4 /home/bjoern/.cache/arduino/sketches/4432DD35AE75FBD70D30CE98BCB850DD/../../cores/sensebox_samd_sb_power_on_0743e0a0cbab6bbb1190cca0393ac711/core.a(USBCore.cpp.o)
 .text._ZN7__GuardC2Ev
                0x00000000000029e8        0xe /home/bjoern/.cache/arduino/sketches/4432DD35AE75FBD70D30CE98BCB850DD/../../cores/sensebox_samd_sb_power_on_0743e0a0cbab6bbb1190cca0393ac711/core.a(USBCore.cpp.o)
                0x00000000000029e8                __Guard::__Guard()
                0x00000000000029e8                __Guard::__Guard()
 .text._ZN7__GuardD2Ev
                0x00000000000029f6        0xe /home/bjoern/.cache/arduino/sketches/4432DD35AE75FBD70D30CE98BCB850DD/../../cores/sensebox_samd_sb_power_on_0743e0a0cbab6bbb1190cca0393ac711/core.a(USBCore.cpp.o)
                0x00000000000029f6                __Guard::~__Guard()
                0x00000000000029f6                __Guard::~__Guard()
 .text._ZNK26DoubleBufferedEPOutHandler10_availableEv
                0x0000000000002a04       0x70 /home/bjoern/.cache/arduino/sketches/4432DD35AE75FBD70D30CE98BCB850DD/../../cores/sensebox_samd_sb_power_on_0743e0a0cbab6bbb1190cca0393ac711/core.a(USBCore.cpp.o)
                0x0000000000002a04                DoubleBufferedEPOutHandler::_available() const
 .text._ZN26DoubleBufferedEPOutHandler7releaseEv
                0x0000000000002a74       0x38 /home/bjoern/.cache/arduino/sketches/4432DD35AE75FBD70D30CE98BCB850DD/../../cores/sensebox_samd_sb_power_on_0743e0a0cbab6bbb1190cca0393ac711/core.a(USBCore.cpp.o)
                0x0000000000002a74                DoubleBufferedEPOutHandler::release()
 .text._ZN26DoubleBufferedEPOutHandler14handleEndpointEv
                0x0000000000002aac       0xe2 /home/bjoern/.cache/arduino/sketches/4432DD35AE75FBD70D30CE98BCB850DD/../../cores/sensebox_samd_sb_power_on_0743e0a0cbab6bbb1190cca0393ac711/core.a(USBCore.cpp.o)
                0x0000000000002aac                DoubleBufferedEPOutHandler::handleEndpoint()
 .text._ZN14USBDeviceClass14SendInterfacesEPm
                0x0000000000002b8e       0x20 /home/bjoern/.cache/arduino/sketches/4432DD35AE75FBD70D30CE98BCB850DD/../../cores/sensebox_samd_sb_power_on_0743e0a0cbab6bbb1190cca0393ac711/core.a(USBCore.cpp.o)
                0x0000000000002b8e                USBDeviceClass::SendInterfaces(unsigned long*)
 *fill*         0x0000000000002bae        0x2 
 .text._ZN14USBDeviceClass6attachEv
                0x0000000000002bb0       0x34 /home/bjoern/.cache/arduino/sketches/4432DD35AE75FBD70D30CE98BCB850DD/../../cores/sensebox_samd_sb_power_on_0743e0a0cbab6bbb1190cca0393ac711/core.a(USBCore.cpp.o)
                0x0000000000002bb0                USBDeviceClass::attach()
 .text._ZN14USBDeviceClass10setAddressEm
                0x0000000000002be4       0x48 /home/bjoern/.cache/arduino/sketches/4432DD35AE75FBD70D30CE98BCB850DD/../../cores/sensebox_samd_sb_power_on_0743e0a0cbab6bbb1190cca0393ac711/core.a(USBCore.cpp.o)
                0x0000000000002be4                USBDeviceClass::setAddress(unsigned long)
 .text._ZN14USBDeviceClass25handleClassInterfaceSetupERN7arduino8USBSetupE
                0x0000000000002c2c       0x24 /home/bjoern/.cache/arduino/sketches/4432DD35AE75FBD70D30CE98BCB850DD/../../cores/sensebox_samd_sb_power_on_0743e0a0cbab6bbb1190cca0393ac711/core.a(USBCore.cpp.o)
                0x0000000000002c2c                USBDeviceClass::handleClassInterfaceSetup(arduino::USBSetup&)
 .text._ZN14USBDeviceClass6initEPEmm
                0x0000000000002c50      0x10c /home/bjoern/.cache/arduino/sketches/4432DD35AE75FBD70D30CE98BCB850DD/../../cores/sensebox_samd_sb_power_on_0743e0a0cbab6bbb1190cca0393ac711/core.a(USBCore.cpp.o)
                0x0000000000002c50                USBDeviceClass::initEP(unsigned long, unsigned long)
 .text._ZN14USBDeviceClass13initEndpointsEv
                0x0000000000002d5c       0x24 /home/bjoern/.cache/arduino/sketches/4432DD35AE75FBD70D30CE98BCB850DD/../../cores/sensebox_samd_sb_power_on_0743e0a0cbab6bbb1190cca0393ac711/core.a(USBCore.cpp.o)
                0x0000000000002d5c                USBDeviceClass::initEndpoints()
 .text._ZN14USBDeviceClass5clearEm
                0x0000000000002d80       0x38 /home/bjoern/.cache/arduino/sketches/4432DD35AE75FBD70D30CE98BCB850DD/../../cores/sensebox_samd_sb_power_on_0743e0a0cbab6bbb1190cca0393ac711/core.a(USBCore.cpp.o)
                0x0000000000002d80                USBDeviceClass::clear(unsigned long)
 .text._ZN14USBDeviceClass9availableEm
                0x0000000000002db8       0x2c /home/bjoern/.cache/arduino/sketches/4432DD35AE75FBD70D30CE98BCB850DD/../../cores/sensebox_samd_sb_power_on_0743e0a0cbab6bbb1190cca0393ac711/core.a(USBCore.cpp.o)
                0x0000000000002db8                USBDeviceClass::available(unsigned long)
 .text._ZN14USBDeviceClass5flushEm
                0x0000000000002de4       0x2c /home/bjoern/.cache/arduino/sketches/4432DD35AE75FBD70D30CE98BCB850DD/../../cores/sensebox_samd_sb_power_on_0743e0a0cbab6bbb1190cca0393ac711/core.a(USBCore.cpp.o)
                0x0000000000002de4                USBDeviceClass::flush(unsigned long)
 .text._ZN14USBDeviceClass4recvEmPvm
                0x0000000000002e10       0xc0 /home/bjoern/.cache/arduino/sketches/4432DD35AE75FBD70D30CE98BCB850DD/../../cores/sensebox_samd_sb_power_on_0743e0a0cbab6bbb1190cca0393ac711/core.a(USBCore.cpp.o)
                0x0000000000002e10                USBDeviceClass::recv(unsigned long, void*, unsigned long)
 .text._ZN14USBDeviceClass4recvEm
                0x0000000000002ed0       0x1c /home/bjoern/.cache/arduino/sketches/4432DD35AE75FBD70D30CE98BCB850DD/../../cores/sensebox_samd_sb_power_on_0743e0a0cbab6bbb1190cca0393ac711/core.a(USBCore.cpp.o)
                0x0000000000002ed0                USBDeviceClass::recv(unsigned long)
 .text._ZN14USBDeviceClass14armRecvCtrlOUTEm
                0x0000000000002eec       0x5c /home/bjoern/.cache/arduino/sketches/4432DD35AE75FBD70D30CE98BCB850DD/../../cores/sensebox_samd_sb_power_on_0743e0a0cbab6bbb1190cca0393ac711/core.a(USBCore.cpp.o)
                0x0000000000002eec                USBDeviceClass::armRecvCtrlOUT(unsigned long)
 .text._ZN14USBDeviceClass11recvControlEPvm
                0x0000000000002f48       0x28 /home/bjoern/.cache/arduino/sketches/4432DD35AE75FBD70D30CE98BCB850DD/../../cores/sensebox_samd_sb_power_on_0743e0a0cbab6bbb1190cca0393ac711/core.a(USBCore.cpp.o)
                0x0000000000002f48                USBDeviceClass::recvControl(void*, unsigned long)
 .text._ZN14USBDeviceClass4sendEmPKvm
                0x0000000000002f70      0x10c /home/bjoern/.cache/arduino/sketches/4432DD35AE75FBD70D30CE98BCB850DD/../../cores/sensebox_samd_sb_power_on_0743e0a0cbab6bbb1190cca0393ac711/core.a(USBCore.cpp.o)
                0x0000000000002f70                USBDeviceClass::send(unsigned long, void const*, unsigned long)
 .text._ZN14USBDeviceClass7armSendEmPKvm
                0x000000000000307c       0x48 /home/bjoern/.cache/arduino/sketches/4432DD35AE75FBD70D30CE98BCB850DD/../../cores/sensebox_samd_sb_power_on_0743e0a0cbab6bbb1190cca0393ac711/core.a(USBCore.cpp.o)
                0x000000000000307c                USBDeviceClass::armSend(unsigned long, void const*, unsigned long)
 .text._ZN14USBDeviceClass11sendControlEPKvm
                0x00000000000030c4       0x54 /home/bjoern/.cache/arduino/sketches/4432DD35AE75FBD70D30CE98BCB850DD/../../cores/sensebox_samd_sb_power_on_0743e0a0cbab6bbb1190cca0393ac711/core.a(USBCore.cpp.o)
                0x00000000000030c4                USBDeviceClass::sendControl(void const*, unsigned long)
 .text._ZN14USBDeviceClass20sendStringDescriptorEPKhm
                0x0000000000003118       0x64 /home/bjoern/.cache/arduino/sketches/4432DD35AE75FBD70D30CE98BCB850DD/../../cores/sensebox_samd_sb_power_on_0743e0a0cbab6bbb1190cca0393ac711/core.a(USBCore.cpp.o)
                0x0000000000003118                USBDeviceClass::sendStringDescriptor(unsigned char const*, unsigned long)
 .text._ZN14USBDeviceClass17sendConfigurationEm
                0x000000000000317c       0x80 /home/bjoern/.cache/arduino/sketches/4432DD35AE75FBD70D30CE98BCB850DD/../../cores/sensebox_samd_sb_power_on_0743e0a0cbab6bbb1190cca0393ac711/core.a(USBCore.cpp.o)
                0x000000000000317c                USBDeviceClass::sendConfiguration(unsigned long)
 .text._ZN14USBDeviceClass14sendDescriptorERN7arduino8USBSetupE
                0x00000000000031fc       0xd8 /home/bjoern/.cache/arduino/sketches/4432DD35AE75FBD70D30CE98BCB850DD/../../cores/sensebox_samd_sb_power_on_0743e0a0cbab6bbb1190cca0393ac711/core.a(USBCore.cpp.o)
                0x00000000000031fc                USBDeviceClass::sendDescriptor(arduino::USBSetup&)
 .text._ZN14USBDeviceClass7sendZlpEm
                0x00000000000032d4       0x18 /home/bjoern/.cache/arduino/sketches/4432DD35AE75FBD70D30CE98BCB850DD/../../cores/sensebox_samd_sb_power_on_0743e0a0cbab6bbb1190cca0393ac711/core.a(USBCore.cpp.o)
                0x00000000000032d4                USBDeviceClass::sendZlp(unsigned long)
 .text._ZN14USBDeviceClass19handleStandardSetupERN7arduino8USBSetupE
                0x00000000000032ec       0xf0 /home/bjoern/.cache/arduino/sketches/4432DD35AE75FBD70D30CE98BCB850DD/../../cores/sensebox_samd_sb_power_on_0743e0a0cbab6bbb1190cca0393ac711/core.a(USBCore.cpp.o)
                0x00000000000032ec                USBDeviceClass::handleStandardSetup(arduino::USBSetup&)
 .text._ZN14USBDeviceClass10ISRHandlerEv
                0x00000000000033dc      0x108 /home/bjoern/.cache/arduino/sketches/4432DD35AE75FBD70D30CE98BCB850DD/../../cores/sensebox_samd_sb_power_on_0743e0a0cbab6bbb1190cca0393ac711/core.a(USBCore.cpp.o)
                0x00000000000033dc                USBDeviceClass::ISRHandler()
 .text.UDD_Handler
                0x00000000000034e4       0x10 /home/bjoern/.cache/arduino/sketches/4432DD35AE75FBD70D30CE98BCB850DD/../../cores/sensebox_samd_sb_power_on_0743e0a0cbab6bbb1190cca0393ac711/core.a(USBCore.cpp.o)
                0x00000000000034e4                UDD_Handler
 .text._ZN7arduino13PluggableUSB_C2Ev
                0x00000000000034f4       0x10 /home/bjoern/.cache/arduino/sketches/4432DD35AE75FBD70D30CE98BCB850DD/../../cores/sensebox_samd_sb_power_on_0743e0a0cbab6bbb1190cca0393ac711/core.a(USBCore.cpp.o)
                0x00000000000034f4                arduino::PluggableUSB_::PluggableUSB_()
                0x00000000000034f4                arduino::PluggableUSB_::PluggableUSB_()
 .text._Z8epBufferj
                0x0000000000003504        0xc /home/bjoern/.cache/arduino/sketches/4432DD35AE75FBD70D30CE98BCB850DD/../../cores/sensebox_samd_sb_power_on_0743e0a0cbab6bbb1190cca0393ac711/core.a(USBCore.cpp.o)
                0x0000000000003504                epBuffer(unsigned int)
 .text._ZN7arduino11RingBufferNILi64EE10store_charEh
                0x0000000000003510       0x1c /home/bjoern/.cache/arduino/sketches/4432DD35AE75FBD70D30CE98BCB850DD/../../cores/sensebox_samd_sb_power_on_0743e0a0cbab6bbb1190cca0393ac711/core.a(USBCore.cpp.o)
                0x0000000000003510                arduino::RingBufferN<64>::store_char(unsigned char)
 .text._ZN26DoubleBufferedEPOutHandler5_recvEv
                0x000000000000352c      0x15e /home/bjoern/.cache/arduino/sketches/4432DD35AE75FBD70D30CE98BCB850DD/../../cores/sensebox_samd_sb_power_on_0743e0a0cbab6bbb1190cca0393ac711/core.a(USBCore.cpp.o)
                0x000000000000352c                DoubleBufferedEPOutHandler::_recv()
 .text._ZN26DoubleBufferedEPOutHandler9availableEv
                0x000000000000368a        0xc /home/bjoern/.cache/arduino/sketches/4432DD35AE75FBD70D30CE98BCB850DD/../../cores/sensebox_samd_sb_power_on_0743e0a0cbab6bbb1190cca0393ac711/core.a(USBCore.cpp.o)
                0x000000000000368a                DoubleBufferedEPOutHandler::available()
 .text._ZN26DoubleBufferedEPOutHandler4peekEv
                0x0000000000003696       0x1c /home/bjoern/.cache/arduino/sketches/4432DD35AE75FBD70D30CE98BCB850DD/../../cores/sensebox_samd_sb_power_on_0743e0a0cbab6bbb1190cca0393ac711/core.a(USBCore.cpp.o)
                0x0000000000003696                DoubleBufferedEPOutHandler::peek()
 .text._ZN26DoubleBufferedEPOutHandler4recvEPvm
                0x00000000000036b2       0x60 /home/bjoern/.cache/arduino/sketches/4432DD35AE75FBD70D30CE98BCB850DD/../../cores/sensebox_samd_sb_power_on_0743e0a0cbab6bbb1190cca0393ac711/core.a(USBCore.cpp.o)
                0x00000000000036b2                DoubleBufferedEPOutHandler::recv(void*, unsigned long)
 *fill*         0x0000000000003712        0x2 
 .text.startup._GLOBAL__sub_I_usbd
                0x0000000000003714       0x10 /home/bjoern/.cache/arduino/sketches/4432DD35AE75FBD70D30CE98BCB850DD/../../cores/sensebox_samd_sb_power_on_0743e0a0cbab6bbb1190cca0393ac711/core.a(USBCore.cpp.o)
 .text._ZN14USBDeviceClass4initEv
                0x0000000000003724      0x15c /home/bjoern/.cache/arduino/sketches/4432DD35AE75FBD70D30CE98BCB850DD/../../cores/sensebox_samd_sb_power_on_0743e0a0cbab6bbb1190cca0393ac711/core.a(USBCore.cpp.o)
                0x0000000000003724                USBDeviceClass::init()
 .text._ZN4UartcvbEv
                0x0000000000003880        0x4 /home/bjoern/.cache/arduino/sketches/4432DD35AE75FBD70D30CE98BCB850DD/../../cores/sensebox_samd_sb_power_on_0743e0a0cbab6bbb1190cca0393ac711/core.a(Uart.cpp.o)
                0x0000000000003880                Uart::operator bool()
 .text._ZN4Uart5beginEm
                0x0000000000003884       0x10 /home/bjoern/.cache/arduino/sketches/4432DD35AE75FBD70D30CE98BCB850DD/../../cores/sensebox_samd_sb_power_on_0743e0a0cbab6bbb1190cca0393ac711/core.a(Uart.cpp.o)
                0x0000000000003884                Uart::begin(unsigned long)
 .text._ZN4Uart9availableEv
                0x0000000000003894        0x6 /home/bjoern/.cache/arduino/sketches/4432DD35AE75FBD70D30CE98BCB850DD/../../cores/sensebox_samd_sb_power_on_0743e0a0cbab6bbb1190cca0393ac711/core.a(Uart.cpp.o)
                0x0000000000003894                Uart::available()
 .text._ZN4Uart17availableForWriteEv
                0x000000000000389a       0x10 /home/bjoern/.cache/arduino/sketches/4432DD35AE75FBD70D30CE98BCB850DD/../../cores/sensebox_samd_sb_power_on_0743e0a0cbab6bbb1190cca0393ac711/core.a(Uart.cpp.o)
                0x000000000000389a                Uart::availableForWrite()
 .text._ZN4Uart4peekEv
                0x00000000000038aa       0x18 /home/bjoern/.cache/arduino/sketches/4432DD35AE75FBD70D30CE98BCB850DD/../../cores/sensebox_samd_sb_power_on_0743e0a0cbab6bbb1190cca0393ac711/core.a(Uart.cpp.o)
                0x00000000000038aa                Uart::peek()
 .text._ZN4Uart3endEv
                0x00000000000038c2       0x24 /home/bjoern/.cache/arduino/sketches/4432DD35AE75FBD70D30CE98BCB850DD/../../cores/sensebox_samd_sb_power_on_0743e0a0cbab6bbb1190cca0393ac711/core.a(Uart.cpp.o)
                0x00000000000038c2                Uart::end()
 .text._ZN4Uart5flushEv
                0x00000000000038e6       0x16 /home/bjoern/.cache/arduino/sketches/4432DD35AE75FBD70D30CE98BCB850DD/../../cores/sensebox_samd_sb_power_on_0743e0a0cbab6bbb1190cca0393ac711/core.a(Uart.cpp.o)
                0x00000000000038e6                Uart::flush()
 .text._ZN4Uart16extractNbStopBitEt
                0x00000000000038fc        0xc /home/bjoern/.cache/arduino/sketches/4432DD35AE75FBD70D30CE98BCB850DD/../../cores/sensebox_samd_sb_power_on_0743e0a0cbab6bbb1190cca0393ac711/core.a(Uart.cpp.o)
                0x00000000000038fc                Uart::extractNbStopBit(unsigned short)
 .text._ZN4Uart15extractCharSizeEt
                0x0000000000003908       0x28 /home/bjoern/.cache/arduino/sketches/4432DD35AE75FBD70D30CE98BCB850DD/../../cores/sensebox_samd_sb_power_on_0743e0a0cbab6bbb1190cca0393ac711/core.a(Uart.cpp.o)
                0x0000000000003908                Uart::extractCharSize(unsigned short)
 .text._ZN4Uart13extractParityEt
                0x0000000000003930       0x14 /home/bjoern/.cache/arduino/sketches/4432DD35AE75FBD70D30CE98BCB850DD/../../cores/sensebox_samd_sb_power_on_0743e0a0cbab6bbb1190cca0393ac711/core.a(Uart.cpp.o)
                0x0000000000003930                Uart::extractParity(unsigned short)
 .text._ZN4Uart5beginEmt
                0x0000000000003944       0xf8 /home/bjoern/.cache/arduino/sketches/4432DD35AE75FBD70D30CE98BCB850DD/../../cores/sensebox_samd_sb_power_on_0743e0a0cbab6bbb1190cca0393ac711/core.a(Uart.cpp.o)
                0x0000000000003944                Uart::begin(unsigned long, unsigned short)
 .text._ZN7arduino11RingBufferNILi256EEC2Ev
                0x0000000000003a3c       0x1e /home/bjoern/.cache/arduino/sketches/4432DD35AE75FBD70D30CE98BCB850DD/../../cores/sensebox_samd_sb_power_on_0743e0a0cbab6bbb1190cca0393ac711/core.a(Uart.cpp.o)
                0x0000000000003a3c                arduino::RingBufferN<256>::RingBufferN()
                0x0000000000003a3c                arduino::RingBufferN<256>::RingBufferN()
 *fill*         0x0000000000003a5a        0x2 
 .text._ZN4UartC2EP6SERCOMhh11SercomRXPad15SercomUartTXPad
                0x0000000000003a5c       0x74 /home/bjoern/.cache/arduino/sketches/4432DD35AE75FBD70D30CE98BCB850DD/../../cores/sensebox_samd_sb_power_on_0743e0a0cbab6bbb1190cca0393ac711/core.a(Uart.cpp.o)
                0x0000000000003a5c                Uart::Uart(SERCOM*, unsigned char, unsigned char, SercomRXPad, SercomUartTXPad)
                0x0000000000003a5c                Uart::Uart(SERCOM*, unsigned char, unsigned char, SercomRXPad, SercomUartTXPad)
 .text._ZN7arduino15SafeRingBufferNILi256EE10store_charEh
                0x0000000000003ad0       0x4a /home/bjoern/.cache/arduino/sketches/4432DD35AE75FBD70D30CE98BCB850DD/../../cores/sensebox_samd_sb_power_on_0743e0a0cbab6bbb1190cca0393ac711/core.a(Uart.cpp.o)
                0x0000000000003ad0                arduino::SafeRingBufferN<256>::store_char(unsigned char)
 .text._ZN7arduino15SafeRingBufferNILi256EE9read_charEv
                0x0000000000003b1a       0x50 /home/bjoern/.cache/arduino/sketches/4432DD35AE75FBD70D30CE98BCB850DD/../../cores/sensebox_samd_sb_power_on_0743e0a0cbab6bbb1190cca0393ac711/core.a(Uart.cpp.o)
                0x0000000000003b1a                arduino::SafeRingBufferN<256>::read_char()
 .text._ZN4Uart10IrqHandlerEv
                0x0000000000003b6a       0xa4 /home/bjoern/.cache/arduino/sketches/4432DD35AE75FBD70D30CE98BCB850DD/../../cores/sensebox_samd_sb_power_on_0743e0a0cbab6bbb1190cca0393ac711/core.a(Uart.cpp.o)
                0x0000000000003b6a                Uart::IrqHandler()
 *fill*         0x0000000000003c0e        0x2 
 .text._ZN4Uart5writeEh
                0x0000000000003c10       0x9c /home/bjoern/.cache/arduino/sketches/4432DD35AE75FBD70D30CE98BCB850DD/../../cores/sensebox_samd_sb_power_on_0743e0a0cbab6bbb1190cca0393ac711/core.a(Uart.cpp.o)
                0x0000000000003c10                Uart::write(unsigned char)
 .text._ZN4Uart4readEv
                0x0000000000003cac       0x34 /home/bjoern/.cache/arduino/sketches/4432DD35AE75FBD70D30CE98BCB850DD/../../cores/sensebox_samd_sb_power_on_0743e0a0cbab6bbb1190cca0393ac711/core.a(Uart.cpp.o)
                0x0000000000003cac                Uart::read()
 .text._ZN7arduino13PluggableUSB_12getInterfaceEPh
                0x0000000000003ce0       0x28 /home/bjoern/.cache/arduino/sketches/4432DD35AE75FBD70D30CE98BCB850DD/../../cores/sensebox_samd_sb_power_on_0743e0a0cbab6bbb1190cca0393ac711/core.a(PluggableUSB.cpp.o)
                0x0000000000003ce0                arduino::PluggableUSB_::getInterface(unsigned char*)
 .text._ZN7arduino13PluggableUSB_13getDescriptorERNS_8USBSetupE
                0x0000000000003d08       0x20 /home/bjoern/.cache/arduino/sketches/4432DD35AE75FBD70D30CE98BCB850DD/../../cores/sensebox_samd_sb_power_on_0743e0a0cbab6bbb1190cca0393ac711/core.a(PluggableUSB.cpp.o)
                0x0000000000003d08                arduino::PluggableUSB_::getDescriptor(arduino::USBSetup&)
 .text._ZN7arduino13PluggableUSB_12getShortNameEPc
                0x0000000000003d28       0x1e /home/bjoern/.cache/arduino/sketches/4432DD35AE75FBD70D30CE98BCB850DD/../../cores/sensebox_samd_sb_power_on_0743e0a0cbab6bbb1190cca0393ac711/core.a(PluggableUSB.cpp.o)
                0x0000000000003d28                arduino::PluggableUSB_::getShortName(char*)
 .text._ZN7arduino13PluggableUSB_5setupERNS_8USBSetupE
                0x0000000000003d46       0x20 /home/bjoern/.cache/arduino/sketches/4432DD35AE75FBD70D30CE98BCB850DD/../../cores/sensebox_samd_sb_power_on_0743e0a0cbab6bbb1190cca0393ac711/core.a(PluggableUSB.cpp.o)
                0x0000000000003d46                arduino::PluggableUSB_::setup(arduino::USBSetup&)
 .text._ZN7arduino13PluggableUSB_4plugEPNS_18PluggableUSBModuleE
                0x0000000000003d66       0x5c /home/bjoern/.cache/arduino/sketches/4432DD35AE75FBD70D30CE98BCB850DD/../../cores/sensebox_samd_sb_power_on_0743e0a0cbab6bbb1190cca0393ac711/core.a(PluggableUSB.cpp.o)
                0x0000000000003d66                arduino::PluggableUSB_::plug(arduino::PluggableUSBModule*)
 *fill*         0x0000000000003dc2        0x2 
 .text._Z12PluggableUSBv
                0x0000000000003dc4       0x24 /home/bjoern/.cache/arduino/sketches/4432DD35AE75FBD70D30CE98BCB850DD/../../cores/sensebox_samd_sb_power_on_0743e0a0cbab6bbb1190cca0393ac711/core.a(PluggableUSB.cpp.o)
                0x0000000000003dc4                PluggableUSB()
 .text._ZN7arduino5Print5writeEPKhj
                0x0000000000003de8       0x28 /home/bjoern/.cache/arduino/sketches/4432DD35AE75FBD70D30CE98BCB850DD/../../cores/sensebox_samd_sb_power_on_0743e0a0cbab6bbb1190cca0393ac711/core.a(Print.cpp.o)
                0x0000000000003de8                arduino::Print::write(unsigned char const*, unsigned int)
 .text._ZN7arduino5Print5writeEPKc.part.2
                0x0000000000003e10       0x1a /home/bjoern/.cache/arduino/sketches/4432DD35AE75FBD70D30CE98BCB850DD/../../cores/sensebox_samd_sb_power_on_0743e0a0cbab6bbb1190cca0393ac711/core.a(Print.cpp.o)
 .text._ZN7arduino5Print5writeEPKc
                0x0000000000003e2a       0x10 /home/bjoern/.cache/arduino/sketches/4432DD35AE75FBD70D30CE98BCB850DD/../../cores/sensebox_samd_sb_power_on_0743e0a0cbab6bbb1190cca0393ac711/core.a(Print.cpp.o)
                0x0000000000003e2a                arduino::Print::write(char const*)
 .text._ZN7arduino5Print5printERKNS_6StringE
                0x0000000000003e3a        0xe /home/bjoern/.cache/arduino/sketches/4432DD35AE75FBD70D30CE98BCB850DD/../../cores/sensebox_samd_sb_power_on_0743e0a0cbab6bbb1190cca0393ac711/core.a(Print.cpp.o)
                0x0000000000003e3a                arduino::Print::print(arduino::String const&)
 .text._ZN7arduino5Print5printEPKc
                0x0000000000003e48        0x8 /home/bjoern/.cache/arduino/sketches/4432DD35AE75FBD70D30CE98BCB850DD/../../cores/sensebox_samd_sb_power_on_0743e0a0cbab6bbb1190cca0393ac711/core.a(Print.cpp.o)
                0x0000000000003e48                arduino::Print::print(char const*)
 .text._ZN7arduino5Print5printEc
                0x0000000000003e50        0xa /home/bjoern/.cache/arduino/sketches/4432DD35AE75FBD70D30CE98BCB850DD/../../cores/sensebox_samd_sb_power_on_0743e0a0cbab6bbb1190cca0393ac711/core.a(Print.cpp.o)
                0x0000000000003e50                arduino::Print::print(char)
 *fill*         0x0000000000003e5a        0x2 
 .text._ZN7arduino5Print7printlnEv
                0x0000000000003e5c       0x10 /home/bjoern/.cache/arduino/sketches/4432DD35AE75FBD70D30CE98BCB850DD/../../cores/sensebox_samd_sb_power_on_0743e0a0cbab6bbb1190cca0393ac711/core.a(Print.cpp.o)
                0x0000000000003e5c                arduino::Print::println()
 .text._ZN7arduino5Print7printlnERKNS_6StringE
                0x0000000000003e6c       0x14 /home/bjoern/.cache/arduino/sketches/4432DD35AE75FBD70D30CE98BCB850DD/../../cores/sensebox_samd_sb_power_on_0743e0a0cbab6bbb1190cca0393ac711/core.a(Print.cpp.o)
                0x0000000000003e6c                arduino::Print::println(arduino::String const&)
 .text._ZN7arduino5Print11printNumberEmh
                0x0000000000003e80       0x48 /home/bjoern/.cache/arduino/sketches/4432DD35AE75FBD70D30CE98BCB850DD/../../cores/sensebox_samd_sb_power_on_0743e0a0cbab6bbb1190cca0393ac711/core.a(Print.cpp.o)
                0x0000000000003e80                arduino::Print::printNumber(unsigned long, unsigned char)
 .text._ZN7arduino5Print5printEli
                0x0000000000003ec8       0x3e /home/bjoern/.cache/arduino/sketches/4432DD35AE75FBD70D30CE98BCB850DD/../../cores/sensebox_samd_sb_power_on_0743e0a0cbab6bbb1190cca0393ac711/core.a(Print.cpp.o)
                0x0000000000003ec8                arduino::Print::print(long, int)
 .text._ZN7arduino6Stream9timedReadEv
                0x0000000000003f06       0x2a /home/bjoern/.cache/arduino/sketches/4432DD35AE75FBD70D30CE98BCB850DD/../../cores/sensebox_samd_sb_power_on_0743e0a0cbab6bbb1190cca0393ac711/core.a(Stream.cpp.o)
                0x0000000000003f06                arduino::Stream::timedRead()
 .text._ZN7arduino6Stream10readStringEv
                0x0000000000003f30       0x28 /home/bjoern/.cache/arduino/sketches/4432DD35AE75FBD70D30CE98BCB850DD/../../cores/sensebox_samd_sb_power_on_0743e0a0cbab6bbb1190cca0393ac711/core.a(Stream.cpp.o)
                0x0000000000003f30                arduino::Stream::readString()
 .text._ZN7arduino6StringD2Ev
                0x0000000000003f58       0x12 /home/bjoern/.cache/arduino/sketches/4432DD35AE75FBD70D30CE98BCB850DD/../../cores/sensebox_samd_sb_power_on_0743e0a0cbab6bbb1190cca0393ac711/core.a(String.cpp.o)
                0x0000000000003f58                arduino::String::~String()
                0x0000000000003f58                arduino::String::~String()
 .text._ZN7arduino6String10invalidateEv
                0x0000000000003f6a       0x18 /home/bjoern/.cache/arduino/sketches/4432DD35AE75FBD70D30CE98BCB850DD/../../cores/sensebox_samd_sb_power_on_0743e0a0cbab6bbb1190cca0393ac711/core.a(String.cpp.o)
                0x0000000000003f6a                arduino::String::invalidate()
 .text._ZN7arduino6String12changeBufferEj
                0x0000000000003f82       0x18 /home/bjoern/.cache/arduino/sketches/4432DD35AE75FBD70D30CE98BCB850DD/../../cores/sensebox_samd_sb_power_on_0743e0a0cbab6bbb1190cca0393ac711/core.a(String.cpp.o)
                0x0000000000003f82                arduino::String::changeBuffer(unsigned int)
 .text._ZN7arduino6String7reserveEj
                0x0000000000003f9a       0x2a /home/bjoern/.cache/arduino/sketches/4432DD35AE75FBD70D30CE98BCB850DD/../../cores/sensebox_samd_sb_power_on_0743e0a0cbab6bbb1190cca0393ac711/core.a(String.cpp.o)
                0x0000000000003f9a                arduino::String::reserve(unsigned int)
 .text._ZN7arduino6String4copyEPKcj
                0x0000000000003fc4       0x32 /home/bjoern/.cache/arduino/sketches/4432DD35AE75FBD70D30CE98BCB850DD/../../cores/sensebox_samd_sb_power_on_0743e0a0cbab6bbb1190cca0393ac711/core.a(String.cpp.o)
                0x0000000000003fc4                arduino::String::copy(char const*, unsigned int)
 .text._ZN7arduino6StringC2EPKc
                0x0000000000003ff6       0x26 /home/bjoern/.cache/arduino/sketches/4432DD35AE75FBD70D30CE98BCB850DD/../../cores/sensebox_samd_sb_power_on_0743e0a0cbab6bbb1190cca0393ac711/core.a(String.cpp.o)
                0x0000000000003ff6                arduino::String::String(char const*)
                0x0000000000003ff6                arduino::String::String(char const*)
 .text._ZN7arduino6String4moveERS0_
                0x000000000000401c       0x26 /home/bjoern/.cache/arduino/sketches/4432DD35AE75FBD70D30CE98BCB850DD/../../cores/sensebox_samd_sb_power_on_0743e0a0cbab6bbb1190cca0393ac711/core.a(String.cpp.o)
                0x000000000000401c                arduino::String::move(arduino::String&)
 .text._ZN7arduino6StringaSEOS0_
                0x0000000000004042        0xc /home/bjoern/.cache/arduino/sketches/4432DD35AE75FBD70D30CE98BCB850DD/../../cores/sensebox_samd_sb_power_on_0743e0a0cbab6bbb1190cca0393ac711/core.a(String.cpp.o)
                0x0000000000004042                arduino::String::operator=(arduino::String&&)
 .text._ZN7arduino6String6concatEPKcj
                0x000000000000404e       0x3e /home/bjoern/.cache/arduino/sketches/4432DD35AE75FBD70D30CE98BCB850DD/../../cores/sensebox_samd_sb_power_on_0743e0a0cbab6bbb1190cca0393ac711/core.a(String.cpp.o)
                0x000000000000404e                arduino::String::concat(char const*, unsigned int)
 .text._ZN7arduino6String6concatEc
                0x000000000000408c       0x12 /home/bjoern/.cache/arduino/sketches/4432DD35AE75FBD70D30CE98BCB850DD/../../cores/sensebox_samd_sb_power_on_0743e0a0cbab6bbb1190cca0393ac711/core.a(String.cpp.o)
                0x000000000000408c                arduino::String::concat(char)
 .text.Dummy_Handler
                0x000000000000409e        0x2 /home/bjoern/.cache/arduino/sketches/4432DD35AE75FBD70D30CE98BCB850DD/../../cores/sensebox_samd_sb_power_on_0743e0a0cbab6bbb1190cca0393ac711/core.a(cortex_handlers.c.o)
                0x000000000000409e                DMAC_Handler
                0x000000000000409e                HardFault_Handler
                0x000000000000409e                AC_Handler
                0x000000000000409e                PendSV_Handler
                0x000000000000409e                NMI_Handler
                0x000000000000409e                TC7_Handler
                0x000000000000409e                SERCOM1_Handler
                0x000000000000409e                ADC_Handler
                0x000000000000409e                TCC1_Handler
                0x000000000000409e                SERCOM2_Handler
                0x000000000000409e                TCC0_Handler
                0x000000000000409e                RTC_Handler
                0x000000000000409e                EIC_Handler
                0x000000000000409e                TC6_Handler
                0x000000000000409e                WDT_Handler
                0x000000000000409e                TC4_Handler
                0x000000000000409e                TC3_Handler
                0x000000000000409e                Dummy_Handler
                0x000000000000409e                PM_Handler
                0x000000000000409e                SVC_Handler
                0x000000000000409e                TCC2_Handler
                0x000000000000409e                EVSYS_Handler
                0x000000000000409e                I2S_Handler
                0x000000000000409e                NVMCTRL_Handler
                0x000000000000409e                SERCOM0_Handler
                0x000000000000409e                DAC_Handler
                0x000000000000409e                PTC_Handler
                0x000000000000409e                SYSCTRL_Handler
 .text.USB_Handler
                0x00000000000040a0       0x14 /home/bjoern/.cache/arduino/sketches/4432DD35AE75FBD70D30CE98BCB850DD/../../cores/sensebox_samd_sb_power_on_0743e0a0cbab6bbb1190cca0393ac711/core.a(cortex_handlers.c.o)
                0x00000000000040a0                USB_Handler
 .text.Reset_Handler
                0x00000000000040b4       0x54 /home/bjoern/.cache/arduino/sketches/4432DD35AE75FBD70D30CE98BCB850DD/../../cores/sensebox_samd_sb_power_on_0743e0a0cbab6bbb1190cca0393ac711/core.a(cortex_handlers.c.o)
                0x00000000000040b4                Reset_Handler
 .text.SysTick_Handler
                0x0000000000004108       0x10 /home/bjoern/.cache/arduino/sketches/4432DD35AE75FBD70D30CE98BCB850DD/../../cores/sensebox_samd_sb_power_on_0743e0a0cbab6bbb1190cca0393ac711/core.a(cortex_handlers.c.o)
                0x0000000000004108                SysTick_Handler
 .text.USB_SetHandler
                0x0000000000004118        0xc /home/bjoern/.cache/arduino/sketches/4432DD35AE75FBD70D30CE98BCB850DD/../../cores/sensebox_samd_sb_power_on_0743e0a0cbab6bbb1190cca0393ac711/core.a(cortex_handlers.c.o)
                0x0000000000004118                USB_SetHandler
 .text.millis   0x0000000000004124        0xc /home/bjoern/.cache/arduino/sketches/4432DD35AE75FBD70D30CE98BCB850DD/../../cores/sensebox_samd_sb_power_on_0743e0a0cbab6bbb1190cca0393ac711/core.a(delay.c.o)
                0x0000000000004124                millis
 .text.micros   0x0000000000004130       0x60 /home/bjoern/.cache/arduino/sketches/4432DD35AE75FBD70D30CE98BCB850DD/../../cores/sensebox_samd_sb_power_on_0743e0a0cbab6bbb1190cca0393ac711/core.a(delay.c.o)
                0x0000000000004130                micros
 .text.delay    0x0000000000004190       0x30 /home/bjoern/.cache/arduino/sketches/4432DD35AE75FBD70D30CE98BCB850DD/../../cores/sensebox_samd_sb_power_on_0743e0a0cbab6bbb1190cca0393ac711/core.a(delay.c.o)
                0x0000000000004190                delay
 .text.SysTick_DefaultHandler
                0x00000000000041c0       0x14 /home/bjoern/.cache/arduino/sketches/4432DD35AE75FBD70D30CE98BCB850DD/../../cores/sensebox_samd_sb_power_on_0743e0a0cbab6bbb1190cca0393ac711/core.a(delay.c.o)
                0x00000000000041c0                SysTick_DefaultHandler
 .text.__empty  0x00000000000041d4        0x2 /home/bjoern/.cache/arduino/sketches/4432DD35AE75FBD70D30CE98BCB850DD/../../cores/sensebox_samd_sb_power_on_0743e0a0cbab6bbb1190cca0393ac711/core.a(hooks.c.o)
                0x00000000000041d4                yield
 .text.__false  0x00000000000041d6        0x4 /home/bjoern/.cache/arduino/sketches/4432DD35AE75FBD70D30CE98BCB850DD/../../cores/sensebox_samd_sb_power_on_0743e0a0cbab6bbb1190cca0393ac711/core.a(hooks.c.o)
                0x00000000000041d6                sysTickHook
 .text.initVariant
                0x00000000000041da        0x2 /home/bjoern/.cache/arduino/sketches/4432DD35AE75FBD70D30CE98BCB850DD/../../cores/sensebox_samd_sb_power_on_0743e0a0cbab6bbb1190cca0393ac711/core.a(main.cpp.o)
                0x00000000000041da                initVariant
 .text.startup.main
                0x00000000000041dc       0x40 /home/bjoern/.cache/arduino/sketches/4432DD35AE75FBD70D30CE98BCB850DD/../../cores/sensebox_samd_sb_power_on_0743e0a0cbab6bbb1190cca0393ac711/core.a(main.cpp.o)
                0x00000000000041dc                main
 .text._Znwj    0x000000000000421c        0x8 /home/bjoern/.cache/arduino/sketches/4432DD35AE75FBD70D30CE98BCB850DD/../../cores/sensebox_samd_sb_power_on_0743e0a0cbab6bbb1190cca0393ac711/core.a(new.cpp.o)
                0x000000000000421c                operator new(unsigned int)
 .text._ZdlPv   0x0000000000004224        0x8 /home/bjoern/.cache/arduino/sketches/4432DD35AE75FBD70D30CE98BCB850DD/../../cores/sensebox_samd_sb_power_on_0743e0a0cbab6bbb1190cca0393ac711/core.a(new.cpp.o)
                0x0000000000004224                operator delete(void*)
 .text.SystemInit
                0x000000000000422c      0x160 /home/bjoern/.cache/arduino/sketches/4432DD35AE75FBD70D30CE98BCB850DD/../../cores/sensebox_samd_sb_power_on_0743e0a0cbab6bbb1190cca0393ac711/core.a(startup.c.o)
                0x000000000000422c                SystemInit
 .text.init     0x000000000000438c       0xf0 /home/bjoern/.cache/arduino/sketches/4432DD35AE75FBD70D30CE98BCB850DD/../../cores/sensebox_samd_sb_power_on_0743e0a0cbab6bbb1190cca0393ac711/core.a(wiring.c.o)
                0x000000000000438c                init
 .text.analogReference
                0x000000000000447c       0x64 /home/bjoern/.cache/arduino/sketches/4432DD35AE75FBD70D30CE98BCB850DD/../../cores/sensebox_samd_sb_power_on_0743e0a0cbab6bbb1190cca0393ac711/core.a(wiring_analog.c.o)
                0x000000000000447c                analogReference
 .text.pinMode  0x00000000000044e0       0x98 /home/bjoern/.cache/arduino/sketches/4432DD35AE75FBD70D30CE98BCB850DD/../../cores/sensebox_samd_sb_power_on_0743e0a0cbab6bbb1190cca0393ac711/core.a(wiring_digital.c.o)
                0x00000000000044e0                pinMode
 .text.pinPeripheral
                0x0000000000004578       0xc0 /home/bjoern/.cache/arduino/sketches/4432DD35AE75FBD70D30CE98BCB850DD/../../cores/sensebox_samd_sb_power_on_0743e0a0cbab6bbb1190cca0393ac711/core.a(wiring_private.c.o)
                0x0000000000004578                pinPeripheral
 .text.initiateReset
                0x0000000000004638       0x14 /home/bjoern/.cache/arduino/sketches/4432DD35AE75FBD70D30CE98BCB850DD/../../cores/sensebox_samd_sb_power_on_0743e0a0cbab6bbb1190cca0393ac711/core.a(Reset.cpp.o)
                0x0000000000004638                initiateReset
 .text.cancelReset
                0x000000000000464c       0x10 /home/bjoern/.cache/arduino/sketches/4432DD35AE75FBD70D30CE98BCB850DD/../../cores/sensebox_samd_sb_power_on_0743e0a0cbab6bbb1190cca0393ac711/core.a(Reset.cpp.o)
                0x000000000000464c                cancelReset
 .text.tickReset
                0x000000000000465c       0x78 /home/bjoern/.cache/arduino/sketches/4432DD35AE75FBD70D30CE98BCB850DD/../../cores/sensebox_samd_sb_power_on_0743e0a0cbab6bbb1190cca0393ac711/core.a(Reset.cpp.o)
                0x000000000000465c                tickReset
 .text.__aeabi_atexit
                0x00000000000046d4        0xe /home/bjoern/.arduino15/packages/arduino/tools/arm-none-eabi-gcc/7-2017q4/bin/../lib/gcc/arm-none-eabi/7.2.1/../../../../arm-none-eabi/lib/thumb/v6-m/libstdc++_nano.a(atexit_arm.o)
                0x00000000000046d4                __aeabi_atexit
 *fill*         0x00000000000046e2        0x2 
 .text          0x00000000000046e4       0x14 /home/bjoern/.arduino15/packages/arduino/tools/arm-none-eabi-gcc/7-2017q4/bin/../lib/gcc/arm-none-eabi/7.2.1/thumb/v6-m/libgcc.a(_thumb1_case_uqi.o)
                0x00000000000046e4                __gnu_thumb1_case_uqi
 .text          0x00000000000046f8      0x114 /home/bjoern/.arduino15/packages/arduino/tools/arm-none-eabi-gcc/7-2017q4/bin/../lib/gcc/arm-none-eabi/7.2.1/thumb/v6-m/libgcc.a(_udivsi3.o)
                0x00000000000046f8                __udivsi3
                0x00000000000046f8                __aeabi_uidiv
                0x0000000000004804                __aeabi_uidivmod
 .text          0x000000000000480c        0x4 /home/bjoern/.arduino15/packages/arduino/tools/arm-none-eabi-gcc/7-2017q4/bin/../lib/gcc/arm-none-eabi/7.2.1/thumb/v6-m/libgcc.a(_dvmd_tls.o)
                0x000000000000480c                __aeabi_ldiv0
                0x000000000000480c                __aeabi_idiv0
 .text.__cxa_atexit
                0x0000000000004810       0x1c /home/bjoern/.arduino15/packages/arduino/tools/arm-none-eabi-gcc/7-2017q4/bin/../lib/gcc/arm-none-eabi/7.2.1/../../../../arm-none-eabi/lib/thumb/v6-m/libc_nano.a(lib_a-cxa_atexit.o)
                0x0000000000004810                __cxa_atexit
 .text.__libc_init_array
                0x000000000000482c       0x48 /home/bjoern/.arduino15/packages/arduino/tools/arm-none-eabi-gcc/7-2017q4/bin/../lib/gcc/arm-none-eabi/7.2.1/../../../../arm-none-eabi/lib/thumb/v6-m/libc_nano.a(lib_a-init.o)
                0x000000000000482c                __libc_init_array
 .text.malloc   0x0000000000004874       0x14 /home/bjoern/.arduino15/packages/arduino/tools/arm-none-eabi-gcc/7-2017q4/bin/../lib/gcc/arm-none-eabi/7.2.1/../../../../arm-none-eabi/lib/thumb/v6-m/libc_nano.a(lib_a-malloc.o)
                0x0000000000004874                malloc
 .text.free     0x0000000000004888       0x14 /home/bjoern/.arduino15/packages/arduino/tools/arm-none-eabi-gcc/7-2017q4/bin/../lib/gcc/arm-none-eabi/7.2.1/../../../../arm-none-eabi/lib/thumb/v6-m/libc_nano.a(lib_a-malloc.o)
                0x0000000000004888                free
 .text.memcpy   0x000000000000489c       0x12 /home/bjoern/.arduino15/packages/arduino/tools/arm-none-eabi-gcc/7-2017q4/bin/../lib/gcc/arm-none-eabi/7.2.1/../../../../arm-none-eabi/lib/thumb/v6-m/libc_nano.a(lib_a-memcpy-stub.o)
                0x000000000000489c                memcpy
 .text.memset   0x00000000000048ae       0x10 /home/bjoern/.arduino15/packages/arduino/tools/arm-none-eabi-gcc/7-2017q4/bin/../lib/gcc/arm-none-eabi/7.2.1/../../../../arm-none-eabi/lib/thumb/v6-m/libc_nano.a(lib_a-memset.o)
                0x00000000000048ae                memset
 *fill*         0x00000000000048be        0x2 
 .text._free_r  0x00000000000048c0       0x94 /home/bjoern/.arduino15/packages/arduino/tools/arm-none-eabi-gcc/7-2017q4/bin/../lib/gcc/arm-none-eabi/7.2.1/../../../../arm-none-eabi/lib/thumb/v6-m/libc_nano.a(lib_a-nano-freer.o)
                0x00000000000048c0                _free_r
 .text._malloc_r
                0x0000000000004954       0xbc /home/bjoern/.arduino15/packages/arduino/tools/arm-none-eabi-gcc/7-2017q4/bin/../lib/gcc/arm-none-eabi/7.2.1/../../../../arm-none-eabi/lib/thumb/v6-m/libc_nano.a(lib_a-nano-mallocr.o)
                0x0000000000004954                _malloc_r
 .text.realloc  0x0000000000004a10       0x14 /home/bjoern/.arduino15/packages/arduino/tools/arm-none-eabi-gcc/7-2017q4/bin/../lib/gcc/arm-none-eabi/7.2.1/../../../../arm-none-eabi/lib/thumb/v6-m/libc_nano.a(lib_a-realloc.o)
                0x0000000000004a10                realloc
 .text._sbrk_r  0x0000000000004a24       0x24 /home/bjoern/.arduino15/packages/arduino/tools/arm-none-eabi-gcc/7-2017q4/bin/../lib/gcc/arm-none-eabi/7.2.1/../../../../arm-none-eabi/lib/thumb/v6-m/libc_nano.a(lib_a-sbrkr.o)
                0x0000000000004a24                _sbrk_r
 .text          0x0000000000004a48        0xe /home/bjoern/.arduino15/packages/arduino/tools/arm-none-eabi-gcc/7-2017q4/bin/../lib/gcc/arm-none-eabi/7.2.1/../../../../arm-none-eabi/lib/thumb/v6-m/libc_nano.a(lib_a-strlen.o)
                0x0000000000004a48                strlen
 .text.__malloc_lock
                0x0000000000004a56        0x2 /home/bjoern/.arduino15/packages/arduino/tools/arm-none-eabi-gcc/7-2017q4/bin/../lib/gcc/arm-none-eabi/7.2.1/../../../../arm-none-eabi/lib/thumb/v6-m/libc_nano.a(lib_a-mlock.o)
                0x0000000000004a56                __malloc_lock
 .text.__malloc_unlock
                0x0000000000004a58        0x2 /home/bjoern/.arduino15/packages/arduino/tools/arm-none-eabi-gcc/7-2017q4/bin/../lib/gcc/arm-none-eabi/7.2.1/../../../../arm-none-eabi/lib/thumb/v6-m/libc_nano.a(lib_a-mlock.o)
                0x0000000000004a58                __malloc_unlock
 .text._realloc_r
                0x0000000000004a5a       0x4c /home/bjoern/.arduino15/packages/arduino/tools/arm-none-eabi-gcc/7-2017q4/bin/../lib/gcc/arm-none-eabi/7.2.1/../../../../arm-none-eabi/lib/thumb/v6-m/libc_nano.a(lib_a-nano-reallocr.o)
                0x0000000000004a5a                _realloc_r
 .text._malloc_usable_size_r
                0x0000000000004aa6       0x10 /home/bjoern/.arduino15/packages/arduino/tools/arm-none-eabi-gcc/7-2017q4/bin/../lib/gcc/arm-none-eabi/7.2.1/../../../../arm-none-eabi/lib/thumb/v6-m/libc_nano.a(lib_a-nano-msizer.o)
                0x0000000000004aa6                _malloc_usable_size_r
 *fill*         0x0000000000004ab6        0x2 
 .text._sbrk    0x0000000000004ab8       0x1c /home/bjoern/.arduino15/packages/arduino/tools/arm-none-eabi-gcc/7-2017q4/bin/../lib/gcc/arm-none-eabi/7.2.1/../../../../arm-none-eabi/lib/thumb/v6-m/libnosys.a(sbrk.o)
                0x0000000000004ab8                _sbrk
 *(.init)
 .init          0x0000000000004ad4        0x4 /home/bjoern/.arduino15/packages/arduino/tools/arm-none-eabi-gcc/7-2017q4/bin/../lib/gcc/arm-none-eabi/7.2.1/thumb/v6-m/crti.o
                0x0000000000004ad4                _init
 .init          0x0000000000004ad8        0x8 /home/bjoern/.arduino15/packages/arduino/tools/arm-none-eabi-gcc/7-2017q4/bin/../lib/gcc/arm-none-eabi/7.2.1/thumb/v6-m/crtn.o
 *(.fini)
 .fini          0x0000000000004ae0        0x4 /home/bjoern/.arduino15/packages/arduino/tools/arm-none-eabi-gcc/7-2017q4/bin/../lib/gcc/arm-none-eabi/7.2.1/thumb/v6-m/crti.o
                0x0000000000004ae0                _fini
 .fini          0x0000000000004ae4        0x8 /home/bjoern/.arduino15/packages/arduino/tools/arm-none-eabi-gcc/7-2017q4/bin/../lib/gcc/arm-none-eabi/7.2.1/thumb/v6-m/crtn.o
 *crtbegin.o(.ctors)
 *crtbegin?.o(.ctors)
 *(EXCLUDE_FILE(*crtend.o *crtend?.o) .ctors)
 *(SORT_BY_NAME(.ctors.*))
 *(.ctors)
 *crtbegin.o(.dtors)
 *crtbegin?.o(.dtors)
 *(EXCLUDE_FILE(*crtend.o *crtend?.o) .dtors)
 *(SORT_BY_NAME(.dtors.*))
 *(.dtors)
 *(.rodata*)
 .rodata._GLOBAL__sub_I_data.str1.1
                0x0000000000004aec        0x0 /home/bjoern/.cache/arduino/sketches/4432DD35AE75FBD70D30CE98BCB850DD/sketch/direct-serial.ino.cpp.o
                                          0x1 (size before relaxing)
 .rodata.loop.str1.1
                0x0000000000004aec       0x14 /home/bjoern/.cache/arduino/sketches/4432DD35AE75FBD70D30CE98BCB850DD/sketch/direct-serial.ino.cpp.o
 .rodata.g_APinDescription
                0x0000000000004b00      0x360 /home/bjoern/.cache/arduino/sketches/4432DD35AE75FBD70D30CE98BCB850DD/core/variant.cpp.o
                0x0000000000004b00                g_APinDescription
 .rodata        0x0000000000004e60        0x8 /home/bjoern/.cache/arduino/sketches/4432DD35AE75FBD70D30CE98BCB850DD/../../cores/sensebox_samd_sb_power_on_0743e0a0cbab6bbb1190cca0393ac711/core.a(CDC.cpp.o)
 .rodata._ZTV7Serial_
                0x0000000000004e68       0x60 /home/bjoern/.cache/arduino/sketches/4432DD35AE75FBD70D30CE98BCB850DD/../../cores/sensebox_samd_sb_power_on_0743e0a0cbab6bbb1190cca0393ac711/core.a(CDC.cpp.o)
                0x0000000000004e68                vtable for Serial_
 .rodata._ZTV26DoubleBufferedEPOutHandler
                0x0000000000004ec8       0x24 /home/bjoern/.cache/arduino/sketches/4432DD35AE75FBD70D30CE98BCB850DD/../../cores/sensebox_samd_sb_power_on_0743e0a0cbab6bbb1190cca0393ac711/core.a(USBCore.cpp.o)
                0x0000000000004ec8                vtable for DoubleBufferedEPOutHandler
 .rodata._ZL14STRING_PRODUCT
                0x0000000000004eec        0xd /home/bjoern/.cache/arduino/sketches/4432DD35AE75FBD70D30CE98BCB850DD/../../cores/sensebox_samd_sb_power_on_0743e0a0cbab6bbb1190cca0393ac711/core.a(USBCore.cpp.o)
 *fill*         0x0000000000004ef9        0x1 
 .rodata._ZL15STRING_LANGUAGE
                0x0000000000004efa        0x4 /home/bjoern/.cache/arduino/sketches/4432DD35AE75FBD70D30CE98BCB850DD/../../cores/sensebox_samd_sb_power_on_0743e0a0cbab6bbb1190cca0393ac711/core.a(USBCore.cpp.o)
 .rodata._ZL19STRING_MANUFACTURER
                0x0000000000004efe        0x9 /home/bjoern/.cache/arduino/sketches/4432DD35AE75FBD70D30CE98BCB850DD/../../cores/sensebox_samd_sb_power_on_0743e0a0cbab6bbb1190cca0393ac711/core.a(USBCore.cpp.o)
 .rodata._ZL21USB_DeviceDescriptorB
                0x0000000000004f07       0x12 /home/bjoern/.cache/arduino/sketches/4432DD35AE75FBD70D30CE98BCB850DD/../../cores/sensebox_samd_sb_power_on_0743e0a0cbab6bbb1190cca0393ac711/core.a(USBCore.cpp.o)
 *fill*         0x0000000000004f19        0x3 
 .rodata._ZTV4Uart
                0x0000000000004f1c       0x34 /home/bjoern/.cache/arduino/sketches/4432DD35AE75FBD70D30CE98BCB850DD/../../cores/sensebox_samd_sb_power_on_0743e0a0cbab6bbb1190cca0393ac711/core.a(Uart.cpp.o)
                0x0000000000004f1c                vtable for Uart
 .rodata._ZN7arduino5Print7printlnEv.str1.1
                0x0000000000004f50        0x3 /home/bjoern/.cache/arduino/sketches/4432DD35AE75FBD70D30CE98BCB850DD/../../cores/sensebox_samd_sb_power_on_0743e0a0cbab6bbb1190cca0393ac711/core.a(Print.cpp.o)
 .rodata._ZN7arduino6Stream10readStringEv.str1.1
                0x0000000000004f53        0x1 /home/bjoern/.cache/arduino/sketches/4432DD35AE75FBD70D30CE98BCB850DD/../../cores/sensebox_samd_sb_power_on_0743e0a0cbab6bbb1190cca0393ac711/core.a(Stream.cpp.o)
 *(.eh_frame*)
 *fill*         0x0000000000004f53        0x1 
 .eh_frame      0x0000000000004f54        0x0 /home/bjoern/.arduino15/packages/arduino/tools/arm-none-eabi-gcc/7-2017q4/bin/../lib/gcc/arm-none-eabi/7.2.1/thumb/v6-m/crtbegin.o
 .eh_frame      0x0000000000004f54        0x4 /home/bjoern/.arduino15/packages/arduino/tools/arm-none-eabi-gcc/7-2017q4/bin/../lib/gcc/arm-none-eabi/7.2.1/thumb/v6-m/crtend.o

.glue_7         0x0000000000004f58        0x0
 .glue_7        0x0000000000004f58        0x0 linker stubs

.glue_7t        0x0000000000004f58        0x0
 .glue_7t       0x0000000000004f58        0x0 linker stubs

.vfp11_veneer   0x0000000000004f58        0x0
 .vfp11_veneer  0x0000000000004f58        0x0 linker stubs

.v4_bx          0x0000000000004f58        0x0
 .v4_bx         0x0000000000004f58        0x0 linker stubs

.iplt           0x0000000000004f58        0x0
 .iplt          0x0000000000004f58        0x0 /home/bjoern/.arduino15/packages/arduino/tools/arm-none-eabi-gcc/7-2017q4/bin/../lib/gcc/arm-none-eabi/7.2.1/thumb/v6-m/crtbegin.o

.rel.dyn        0x0000000000004f58        0x0
 .rel.iplt      0x0000000000004f58        0x0 /home/bjoern/.arduino15/packages/arduino/tools/arm-none-eabi-gcc/7-2017q4/bin/../lib/gcc/arm-none-eabi/7.2.1/thumb/v6-m/crtbegin.o

.ARM.extab
 *(.ARM.extab* .gnu.linkonce.armextab.*)
                0x0000000000004f58                __exidx_start = .

.ARM.exidx
 *(.ARM.exidx* .gnu.linkonce.armexidx.*)
                0x0000000000004f58                __exidx_end = .
                0x0000000000004f58                __etext = .

.data           0x0000000020000000       0x90 load address 0x0000000000004f58
                0x0000000020000000                __data_start__ = .
 *(vtable)
 *(.data*)
 .data          0x0000000020000000        0x4 /home/bjoern/.arduino15/packages/arduino/tools/arm-none-eabi-gcc/7-2017q4/bin/../lib/gcc/arm-none-eabi/7.2.1/thumb/v6-m/crtbegin.o
                0x0000000020000000                __dso_handle
 .data._ZL10breakValue
                0x0000000020000004        0x4 /home/bjoern/.cache/arduino/sketches/4432DD35AE75FBD70D30CE98BCB850DD/../../cores/sensebox_samd_sb_power_on_0743e0a0cbab6bbb1190cca0393ac711/core.a(CDC.cpp.o)
 .data._serialPeek
                0x0000000020000008        0x4 /home/bjoern/.cache/arduino/sketches/4432DD35AE75FBD70D30CE98BCB850DD/../../cores/sensebox_samd_sb_power_on_0743e0a0cbab6bbb1190cca0393ac711/core.a(CDC.cpp.o)
                0x0000000020000008                _serialPeek
 .data.SystemCoreClock
                0x000000002000000c        0x4 /home/bjoern/.cache/arduino/sketches/4432DD35AE75FBD70D30CE98BCB850DD/../../cores/sensebox_samd_sb_power_on_0743e0a0cbab6bbb1190cca0393ac711/core.a(wiring.c.o)
                0x000000002000000c                SystemCoreClock
 .data._ZL5ticks
                0x0000000020000010        0x4 /home/bjoern/.cache/arduino/sketches/4432DD35AE75FBD70D30CE98BCB850DD/../../cores/sensebox_samd_sb_power_on_0743e0a0cbab6bbb1190cca0393ac711/core.a(Reset.cpp.o)
 .data._impure_ptr
                0x0000000020000014        0x4 /home/bjoern/.arduino15/packages/arduino/tools/arm-none-eabi-gcc/7-2017q4/bin/../lib/gcc/arm-none-eabi/7.2.1/../../../../arm-none-eabi/lib/thumb/v6-m/libc_nano.a(lib_a-impure.o)
                0x0000000020000014                _impure_ptr
 .data.impure_data
                0x0000000020000018       0x60 /home/bjoern/.arduino15/packages/arduino/tools/arm-none-eabi-gcc/7-2017q4/bin/../lib/gcc/arm-none-eabi/7.2.1/../../../../arm-none-eabi/lib/thumb/v6-m/libc_nano.a(lib_a-impure.o)
                0x0000000020000078                . = ALIGN (0x4)
                0x0000000020000078                PROVIDE (__preinit_array_start, .)
 *(.preinit_array)
                0x0000000020000078                PROVIDE (__preinit_array_end, .)
                0x0000000020000078                . = ALIGN (0x4)
                0x0000000020000078                PROVIDE (__init_array_start, .)
 *(SORT_BY_NAME(.init_array.*))
 *(.init_array)
 .init_array    0x0000000020000078        0x4 /home/bjoern/.arduino15/packages/arduino/tools/arm-none-eabi-gcc/7-2017q4/bin/../lib/gcc/arm-none-eabi/7.2.1/thumb/v6-m/crtbegin.o
 .init_array    0x000000002000007c        0x4 /home/bjoern/.cache/arduino/sketches/4432DD35AE75FBD70D30CE98BCB850DD/sketch/direct-serial.ino.cpp.o
 .init_array    0x0000000020000080        0x4 /home/bjoern/.cache/arduino/sketches/4432DD35AE75FBD70D30CE98BCB850DD/core/variant.cpp.o
 .init_array    0x0000000020000084        0x4 /home/bjoern/.cache/arduino/sketches/4432DD35AE75FBD70D30CE98BCB850DD/../../cores/sensebox_samd_sb_power_on_0743e0a0cbab6bbb1190cca0393ac711/core.a(CDC.cpp.o)
 .init_array    0x0000000020000088        0x4 /home/bjoern/.cache/arduino/sketches/4432DD35AE75FBD70D30CE98BCB850DD/../../cores/sensebox_samd_sb_power_on_0743e0a0cbab6bbb1190cca0393ac711/core.a(USBCore.cpp.o)
                0x000000002000008c                PROVIDE (__init_array_end, .)
                0x000000002000008c                . = ALIGN (0x4)
                [!provide]                        PROVIDE (__fini_array_start, .)
 *(SORT_BY_NAME(.fini_array.*))
 *(.fini_array)
 .fini_array    0x000000002000008c        0x4 /home/bjoern/.arduino15/packages/arduino/tools/arm-none-eabi-gcc/7-2017q4/bin/../lib/gcc/arm-none-eabi/7.2.1/thumb/v6-m/crtbegin.o
                [!provide]                        PROVIDE (__fini_array_end, .)
 *(.jcr*)
                0x0000000020000090                . = ALIGN (0x10)
                0x0000000020000090                __data_end__ = .

.igot.plt       0x0000000020000090        0x0 load address 0x0000000000004fe8
 .igot.plt      0x0000000020000090        0x0 /home/bjoern/.arduino15/packages/arduino/tools/arm-none-eabi-gcc/7-2017q4/bin/../lib/gcc/arm-none-eabi/7.2.1/thumb/v6-m/crtbegin.o

.bss            0x0000000020000090      0xd74 load address 0x0000000000004fe8
                0x0000000020000090                . = ALIGN (0x4)
                0x0000000020000090                __bss_start__ = .
 *(.bss*)
 .bss           0x0000000020000090       0x1c /home/bjoern/.arduino15/packages/arduino/tools/arm-none-eabi-gcc/7-2017q4/bin/../lib/gcc/arm-none-eabi/7.2.1/thumb/v6-m/crtbegin.o
 .bss.data      0x00000000200000ac        0xc /home/bjoern/.cache/arduino/sketches/4432DD35AE75FBD70D30CE98BCB850DD/sketch/direct-serial.ino.cpp.o
                0x00000000200000ac                data
 .bss.recieveTime
                0x00000000200000b8        0x4 /home/bjoern/.cache/arduino/sketches/4432DD35AE75FBD70D30CE98BCB850DD/sketch/direct-serial.ino.cpp.o
                0x00000000200000b8                recieveTime
 .bss.sendTime  0x00000000200000bc        0x4 /home/bjoern/.cache/arduino/sketches/4432DD35AE75FBD70D30CE98BCB850DD/sketch/direct-serial.ino.cpp.o
                0x00000000200000bc                sendTime
 .bss.Serial1   0x00000000200000c0      0x244 /home/bjoern/.cache/arduino/sketches/4432DD35AE75FBD70D30CE98BCB850DD/core/variant.cpp.o
                0x00000000200000c0                Serial1
 .bss.Serial2   0x0000000020000304      0x244 /home/bjoern/.cache/arduino/sketches/4432DD35AE75FBD70D30CE98BCB850DD/core/variant.cpp.o
                0x0000000020000304                Serial2
 .bss.Serial3   0x0000000020000548      0x244 /home/bjoern/.cache/arduino/sketches/4432DD35AE75FBD70D30CE98BCB850DD/core/variant.cpp.o
                0x0000000020000548                Serial3
 .bss.sercom0   0x000000002000078c        0x8 /home/bjoern/.cache/arduino/sketches/4432DD35AE75FBD70D30CE98BCB850DD/core/variant.cpp.o
                0x000000002000078c                sercom0
 .bss.sercom1   0x0000000020000794        0x8 /home/bjoern/.cache/arduino/sketches/4432DD35AE75FBD70D30CE98BCB850DD/core/variant.cpp.o
                0x0000000020000794                sercom1
 .bss.sercom2   0x000000002000079c        0x8 /home/bjoern/.cache/arduino/sketches/4432DD35AE75FBD70D30CE98BCB850DD/core/variant.cpp.o
                0x000000002000079c                sercom2
 .bss.sercom3   0x00000000200007a4        0x8 /home/bjoern/.cache/arduino/sketches/4432DD35AE75FBD70D30CE98BCB850DD/core/variant.cpp.o
                0x00000000200007a4                sercom3
 .bss.sercom4   0x00000000200007ac        0x8 /home/bjoern/.cache/arduino/sketches/4432DD35AE75FBD70D30CE98BCB850DD/core/variant.cpp.o
                0x00000000200007ac                sercom4
 .bss.sercom5   0x00000000200007b4        0x8 /home/bjoern/.cache/arduino/sketches/4432DD35AE75FBD70D30CE98BCB850DD/core/variant.cpp.o
                0x00000000200007b4                sercom5
 .bss.SerialUSB
                0x00000000200007bc       0x3c /home/bjoern/.cache/arduino/sketches/4432DD35AE75FBD70D30CE98BCB850DD/../../cores/sensebox_samd_sb_power_on_0743e0a0cbab6bbb1190cca0393ac711/core.a(CDC.cpp.o)
                0x00000000200007bc                SerialUSB
 .bss.EndPoints
                0x00000000200007f8       0x28 /home/bjoern/.cache/arduino/sketches/4432DD35AE75FBD70D30CE98BCB850DD/../../cores/sensebox_samd_sb_power_on_0743e0a0cbab6bbb1190cca0393ac711/core.a(USBCore.cpp.o)
                0x00000000200007f8                EndPoints
 .bss.USBDevice
                0x0000000020000820        0x1 /home/bjoern/.cache/arduino/sketches/4432DD35AE75FBD70D30CE98BCB850DD/../../cores/sensebox_samd_sb_power_on_0743e0a0cbab6bbb1190cca0393ac711/core.a(USBCore.cpp.o)
                0x0000000020000820                USBDevice
 *fill*         0x0000000020000821        0x3 
 .bss._ZL10epHandlers
                0x0000000020000824       0x1c /home/bjoern/.cache/arduino/sketches/4432DD35AE75FBD70D30CE98BCB850DD/../../cores/sensebox_samd_sb_power_on_0743e0a0cbab6bbb1190cca0393ac711/core.a(USBCore.cpp.o)
 .bss._ZL14isEndpointHalt
                0x0000000020000840        0x1 /home/bjoern/.cache/arduino/sketches/4432DD35AE75FBD70D30CE98BCB850DD/../../cores/sensebox_samd_sb_power_on_0743e0a0cbab6bbb1190cca0393ac711/core.a(USBCore.cpp.o)
 .bss._ZL20LastTransmitTimedOut
                0x0000000020000841        0x7 /home/bjoern/.cache/arduino/sketches/4432DD35AE75FBD70D30CE98BCB850DD/../../cores/sensebox_samd_sb_power_on_0743e0a0cbab6bbb1190cca0393ac711/core.a(USBCore.cpp.o)
 .bss._ZL21isRemoteWakeUpEnabled
                0x0000000020000848        0x1 /home/bjoern/.cache/arduino/sketches/4432DD35AE75FBD70D30CE98BCB850DD/../../cores/sensebox_samd_sb_power_on_0743e0a0cbab6bbb1190cca0393ac711/core.a(USBCore.cpp.o)
 *fill*         0x0000000020000849        0x3 
 .bss._ZL22udd_ep_in_cache_buffer
                0x000000002000084c      0x1c0 /home/bjoern/.cache/arduino/sketches/4432DD35AE75FBD70D30CE98BCB850DD/../../cores/sensebox_samd_sb_power_on_0743e0a0cbab6bbb1190cca0393ac711/core.a(USBCore.cpp.o)
 .bss._ZL23udd_ep_out_cache_buffer
                0x0000000020000a0c      0x1c0 /home/bjoern/.cache/arduino/sketches/4432DD35AE75FBD70D30CE98BCB850DD/../../cores/sensebox_samd_sb_power_on_0743e0a0cbab6bbb1190cca0393ac711/core.a(USBCore.cpp.o)
 .bss._dry_run  0x0000000020000bcc        0x1 /home/bjoern/.cache/arduino/sketches/4432DD35AE75FBD70D30CE98BCB850DD/../../cores/sensebox_samd_sb_power_on_0743e0a0cbab6bbb1190cca0393ac711/core.a(USBCore.cpp.o)
                0x0000000020000bcc                _dry_run
 .bss._pack_buffer
                0x0000000020000bcd      0x100 /home/bjoern/.cache/arduino/sketches/4432DD35AE75FBD70D30CE98BCB850DD/../../cores/sensebox_samd_sb_power_on_0743e0a0cbab6bbb1190cca0393ac711/core.a(USBCore.cpp.o)
                0x0000000020000bcd                _pack_buffer
 .bss._pack_message
                0x0000000020000ccd        0x1 /home/bjoern/.cache/arduino/sketches/4432DD35AE75FBD70D30CE98BCB850DD/../../cores/sensebox_samd_sb_power_on_0743e0a0cbab6bbb1190cca0393ac711/core.a(USBCore.cpp.o)
                0x0000000020000ccd                _pack_message
 .bss._pack_size
                0x0000000020000cce        0x2 /home/bjoern/.cache/arduino/sketches/4432DD35AE75FBD70D30CE98BCB850DD/../../cores/sensebox_samd_sb_power_on_0743e0a0cbab6bbb1190cca0393ac711/core.a(USBCore.cpp.o)
                0x0000000020000cce                _pack_size
 .bss._usbConfiguration
                0x0000000020000cd0        0x4 /home/bjoern/.cache/arduino/sketches/4432DD35AE75FBD70D30CE98BCB850DD/../../cores/sensebox_samd_sb_power_on_0743e0a0cbab6bbb1190cca0393ac711/core.a(USBCore.cpp.o)
                0x0000000020000cd0                _usbConfiguration
 .bss._usbSetInterface
                0x0000000020000cd4        0x4 /home/bjoern/.cache/arduino/sketches/4432DD35AE75FBD70D30CE98BCB850DD/../../cores/sensebox_samd_sb_power_on_0743e0a0cbab6bbb1190cca0393ac711/core.a(USBCore.cpp.o)
                0x0000000020000cd4                _usbSetInterface
 .bss.usbd      0x0000000020000cd8      0x104 /home/bjoern/.cache/arduino/sketches/4432DD35AE75FBD70D30CE98BCB850DD/../../cores/sensebox_samd_sb_power_on_0743e0a0cbab6bbb1190cca0393ac711/core.a(USBCore.cpp.o)
                0x0000000020000cd8                usbd
 .bss._ZGVZ12PluggableUSBvE3obj
                0x0000000020000ddc        0x4 /home/bjoern/.cache/arduino/sketches/4432DD35AE75FBD70D30CE98BCB850DD/../../cores/sensebox_samd_sb_power_on_0743e0a0cbab6bbb1190cca0393ac711/core.a(PluggableUSB.cpp.o)
 .bss._ZZ12PluggableUSBvE3obj
                0x0000000020000de0        0xc /home/bjoern/.cache/arduino/sketches/4432DD35AE75FBD70D30CE98BCB850DD/../../cores/sensebox_samd_sb_power_on_0743e0a0cbab6bbb1190cca0393ac711/core.a(PluggableUSB.cpp.o)
 .bss.usb_isr   0x0000000020000dec        0x4 /home/bjoern/.cache/arduino/sketches/4432DD35AE75FBD70D30CE98BCB850DD/../../cores/sensebox_samd_sb_power_on_0743e0a0cbab6bbb1190cca0393ac711/core.a(cortex_handlers.c.o)
 .bss._ulTickCount
                0x0000000020000df0        0x4 /home/bjoern/.cache/arduino/sketches/4432DD35AE75FBD70D30CE98BCB850DD/../../cores/sensebox_samd_sb_power_on_0743e0a0cbab6bbb1190cca0393ac711/core.a(delay.c.o)
 .bss.__malloc_free_list
                0x0000000020000df4        0x4 /home/bjoern/.arduino15/packages/arduino/tools/arm-none-eabi-gcc/7-2017q4/bin/../lib/gcc/arm-none-eabi/7.2.1/../../../../arm-none-eabi/lib/thumb/v6-m/libc_nano.a(lib_a-nano-mallocr.o)
                0x0000000020000df4                __malloc_free_list
 .bss.__malloc_sbrk_start
                0x0000000020000df8        0x4 /home/bjoern/.arduino15/packages/arduino/tools/arm-none-eabi-gcc/7-2017q4/bin/../lib/gcc/arm-none-eabi/7.2.1/../../../../arm-none-eabi/lib/thumb/v6-m/libc_nano.a(lib_a-nano-mallocr.o)
                0x0000000020000df8                __malloc_sbrk_start
 .bss.heap_end.4102
                0x0000000020000dfc        0x4 /home/bjoern/.arduino15/packages/arduino/tools/arm-none-eabi-gcc/7-2017q4/bin/../lib/gcc/arm-none-eabi/7.2.1/../../../../arm-none-eabi/lib/thumb/v6-m/libnosys.a(sbrk.o)
 *(COMMON)
 COMMON         0x0000000020000e00        0x4 /home/bjoern/.arduino15/packages/arduino/tools/arm-none-eabi-gcc/7-2017q4/bin/../lib/gcc/arm-none-eabi/7.2.1/../../../../arm-none-eabi/lib/thumb/v6-m/libc_nano.a(lib_a-reent.o)
                0x0000000020000e00                errno
                0x0000000020000e04                . = ALIGN (0x4)
                0x0000000020000e04                __bss_end__ = .

.heap           0x0000000020000e04        0x0
                0x0000000020000e04                __end__ = .
                0x0000000020000e04                PROVIDE (end, .)
 *(.heap*)
                0x0000000020000e04                __HeapLimit = .

.stack_dummy    0x0000000020000e04        0x0
 *(.stack*)
                0x0000000020008000                __StackTop = (ORIGIN (RAM) + LENGTH (RAM))
                0x0000000020008000                __StackLimit = (__StackTop - SIZEOF (.stack_dummy))
                0x0000000020008000                PROVIDE (__stack, __StackTop)
                0x0000000020007fff                __ram_end__ = ((ORIGIN (RAM) + LENGTH (RAM)) - 0x1)
                0x0000000000000001                ASSERT ((__StackLimit >= __HeapLimit), region RAM overflowed with stack)
OUTPUT(/home/bjoern/.cache/arduino/sketches/4432DD35AE75FBD70D30CE98BCB850DD/direct-serial.ino.elf elf32-littlearm)

.ARM.attributes
                0x0000000000000000       0x28
 .ARM.attributes
                0x0000000000000000       0x1e /home/bjoern/.arduino15/packages/arduino/tools/arm-none-eabi-gcc/7-2017q4/bin/../lib/gcc/arm-none-eabi/7.2.1/thumb/v6-m/crti.o
 .ARM.attributes
                0x000000000000001e       0x2c /home/bjoern/.arduino15/packages/arduino/tools/arm-none-eabi-gcc/7-2017q4/bin/../lib/gcc/arm-none-eabi/7.2.1/thumb/v6-m/crtbegin.o
 .ARM.attributes
                0x000000000000004a       0x32 /home/bjoern/.cache/arduino/sketches/4432DD35AE75FBD70D30CE98BCB850DD/sketch/direct-serial.ino.cpp.o
 .ARM.attributes
                0x000000000000007c       0x32 /home/bjoern/.cache/arduino/sketches/4432DD35AE75FBD70D30CE98BCB850DD/core/variant.cpp.o
 .ARM.attributes
                0x00000000000000ae       0x32 /home/bjoern/.cache/arduino/sketches/4432DD35AE75FBD70D30CE98BCB850DD/../../cores/sensebox_samd_sb_power_on_0743e0a0cbab6bbb1190cca0393ac711/core.a(SERCOM.cpp.o)
 .ARM.attributes
                0x00000000000000e0       0x32 /home/bjoern/.cache/arduino/sketches/4432DD35AE75FBD70D30CE98BCB850DD/../../cores/sensebox_samd_sb_power_on_0743e0a0cbab6bbb1190cca0393ac711/core.a(CDC.cpp.o)
 .ARM.attributes
                0x0000000000000112       0x32 /home/bjoern/.cache/arduino/sketches/4432DD35AE75FBD70D30CE98BCB850DD/../../cores/sensebox_samd_sb_power_on_0743e0a0cbab6bbb1190cca0393ac711/core.a(USBCore.cpp.o)
 .ARM.attributes
                0x0000000000000144       0x32 /home/bjoern/.cache/arduino/sketches/4432DD35AE75FBD70D30CE98BCB850DD/../../cores/sensebox_samd_sb_power_on_0743e0a0cbab6bbb1190cca0393ac711/core.a(Uart.cpp.o)
 .ARM.attributes
                0x0000000000000176       0x32 /home/bjoern/.cache/arduino/sketches/4432DD35AE75FBD70D30CE98BCB850DD/../../cores/sensebox_samd_sb_power_on_0743e0a0cbab6bbb1190cca0393ac711/core.a(PluggableUSB.cpp.o)
 .ARM.attributes
                0x00000000000001a8       0x32 /home/bjoern/.cache/arduino/sketches/4432DD35AE75FBD70D30CE98BCB850DD/../../cores/sensebox_samd_sb_power_on_0743e0a0cbab6bbb1190cca0393ac711/core.a(Print.cpp.o)
 .ARM.attributes
                0x00000000000001da       0x32 /home/bjoern/.cache/arduino/sketches/4432DD35AE75FBD70D30CE98BCB850DD/../../cores/sensebox_samd_sb_power_on_0743e0a0cbab6bbb1190cca0393ac711/core.a(Stream.cpp.o)
 .ARM.attributes
                0x000000000000020c       0x32 /home/bjoern/.cache/arduino/sketches/4432DD35AE75FBD70D30CE98BCB850DD/../../cores/sensebox_samd_sb_power_on_0743e0a0cbab6bbb1190cca0393ac711/core.a(String.cpp.o)
 .ARM.attributes
                0x000000000000023e       0x32 /home/bjoern/.cache/arduino/sketches/4432DD35AE75FBD70D30CE98BCB850DD/../../cores/sensebox_samd_sb_power_on_0743e0a0cbab6bbb1190cca0393ac711/core.a(cortex_handlers.c.o)
 .ARM.attributes
                0x0000000000000270       0x32 /home/bjoern/.cache/arduino/sketches/4432DD35AE75FBD70D30CE98BCB850DD/../../cores/sensebox_samd_sb_power_on_0743e0a0cbab6bbb1190cca0393ac711/core.a(delay.c.o)
 .ARM.attributes
                0x00000000000002a2       0x32 /home/bjoern/.cache/arduino/sketches/4432DD35AE75FBD70D30CE98BCB850DD/../../cores/sensebox_samd_sb_power_on_0743e0a0cbab6bbb1190cca0393ac711/core.a(hooks.c.o)
 .ARM.attributes
                0x00000000000002d4       0x32 /home/bjoern/.cache/arduino/sketches/4432DD35AE75FBD70D30CE98BCB850DD/../../cores/sensebox_samd_sb_power_on_0743e0a0cbab6bbb1190cca0393ac711/core.a(main.cpp.o)
 .ARM.attributes
                0x0000000000000306       0x32 /home/bjoern/.cache/arduino/sketches/4432DD35AE75FBD70D30CE98BCB850DD/../../cores/sensebox_samd_sb_power_on_0743e0a0cbab6bbb1190cca0393ac711/core.a(new.cpp.o)
 .ARM.attributes
                0x0000000000000338       0x32 /home/bjoern/.cache/arduino/sketches/4432DD35AE75FBD70D30CE98BCB850DD/../../cores/sensebox_samd_sb_power_on_0743e0a0cbab6bbb1190cca0393ac711/core.a(startup.c.o)
 .ARM.attributes
                0x000000000000036a       0x32 /home/bjoern/.cache/arduino/sketches/4432DD35AE75FBD70D30CE98BCB850DD/../../cores/sensebox_samd_sb_power_on_0743e0a0cbab6bbb1190cca0393ac711/core.a(wiring.c.o)
 .ARM.attributes
                0x000000000000039c       0x32 /home/bjoern/.cache/arduino/sketches/4432DD35AE75FBD70D30CE98BCB850DD/../../cores/sensebox_samd_sb_power_on_0743e0a0cbab6bbb1190cca0393ac711/core.a(wiring_analog.c.o)
 .ARM.attributes
                0x00000000000003ce       0x32 /home/bjoern/.cache/arduino/sketches/4432DD35AE75FBD70D30CE98BCB850DD/../../cores/sensebox_samd_sb_power_on_0743e0a0cbab6bbb1190cca0393ac711/core.a(wiring_digital.c.o)
 .ARM.attributes
                0x0000000000000400       0x32 /home/bjoern/.cache/arduino/sketches/4432DD35AE75FBD70D30CE98BCB850DD/../../cores/sensebox_samd_sb_power_on_0743e0a0cbab6bbb1190cca0393ac711/core.a(wiring_private.c.o)
 .ARM.attributes
                0x0000000000000432       0x32 /home/bjoern/.cache/arduino/sketches/4432DD35AE75FBD70D30CE98BCB850DD/../../cores/sensebox_samd_sb_power_on_0743e0a0cbab6bbb1190cca0393ac711/core.a(Reset.cpp.o)
 .ARM.attributes
                0x0000000000000464       0x2c /home/bjoern/.arduino15/packages/arduino/tools/arm-none-eabi-gcc/7-2017q4/bin/../lib/gcc/arm-none-eabi/7.2.1/../../../../arm-none-eabi/lib/thumb/v6-m/libstdc++_nano.a(atexit_arm.o)
 .ARM.attributes
                0x0000000000000490       0x1e /home/bjoern/.arduino15/packages/arduino/tools/arm-none-eabi-gcc/7-2017q4/bin/../lib/gcc/arm-none-eabi/7.2.1/thumb/v6-m/libgcc.a(_thumb1_case_uqi.o)
 .ARM.attributes
                0x00000000000004ae       0x1e /home/bjoern/.arduino15/packages/arduino/tools/arm-none-eabi-gcc/7-2017q4/bin/../lib/gcc/arm-none-eabi/7.2.1/thumb/v6-m/libgcc.a(_udivsi3.o)
 .ARM.attributes
                0x00000000000004cc       0x1e /home/bjoern/.arduino15/packages/arduino/tools/arm-none-eabi-gcc/7-2017q4/bin/../lib/gcc/arm-none-eabi/7.2.1/thumb/v6-m/libgcc.a(_dvmd_tls.o)
 .ARM.attributes
                0x00000000000004ea       0x2c /home/bjoern/.arduino15/packages/arduino/tools/arm-none-eabi-gcc/7-2017q4/bin/../lib/gcc/arm-none-eabi/7.2.1/../../../../arm-none-eabi/lib/thumb/v6-m/libc_nano.a(lib_a-cxa_atexit.o)
 .ARM.attributes
                0x0000000000000516       0x2c /home/bjoern/.arduino15/packages/arduino/tools/arm-none-eabi-gcc/7-2017q4/bin/../lib/gcc/arm-none-eabi/7.2.1/../../../../arm-none-eabi/lib/thumb/v6-m/libc_nano.a(lib_a-impure.o)
 .ARM.attributes
                0x0000000000000542       0x2c /home/bjoern/.arduino15/packages/arduino/tools/arm-none-eabi-gcc/7-2017q4/bin/../lib/gcc/arm-none-eabi/7.2.1/../../../../arm-none-eabi/lib/thumb/v6-m/libc_nano.a(lib_a-init.o)
 .ARM.attributes
                0x000000000000056e       0x2c /home/bjoern/.arduino15/packages/arduino/tools/arm-none-eabi-gcc/7-2017q4/bin/../lib/gcc/arm-none-eabi/7.2.1/../../../../arm-none-eabi/lib/thumb/v6-m/libc_nano.a(lib_a-malloc.o)
 .ARM.attributes
                0x000000000000059a       0x2c /home/bjoern/.arduino15/packages/arduino/tools/arm-none-eabi-gcc/7-2017q4/bin/../lib/gcc/arm-none-eabi/7.2.1/../../../../arm-none-eabi/lib/thumb/v6-m/libc_nano.a(lib_a-memcpy-stub.o)
 .ARM.attributes
                0x00000000000005c6       0x2c /home/bjoern/.arduino15/packages/arduino/tools/arm-none-eabi-gcc/7-2017q4/bin/../lib/gcc/arm-none-eabi/7.2.1/../../../../arm-none-eabi/lib/thumb/v6-m/libc_nano.a(lib_a-memset.o)
 .ARM.attributes
                0x00000000000005f2       0x2c /home/bjoern/.arduino15/packages/arduino/tools/arm-none-eabi-gcc/7-2017q4/bin/../lib/gcc/arm-none-eabi/7.2.1/../../../../arm-none-eabi/lib/thumb/v6-m/libc_nano.a(lib_a-nano-freer.o)
 .ARM.attributes
                0x000000000000061e       0x2c /home/bjoern/.arduino15/packages/arduino/tools/arm-none-eabi-gcc/7-2017q4/bin/../lib/gcc/arm-none-eabi/7.2.1/../../../../arm-none-eabi/lib/thumb/v6-m/libc_nano.a(lib_a-nano-mallocr.o)
 .ARM.attributes
                0x000000000000064a       0x2c /home/bjoern/.arduino15/packages/arduino/tools/arm-none-eabi-gcc/7-2017q4/bin/../lib/gcc/arm-none-eabi/7.2.1/../../../../arm-none-eabi/lib/thumb/v6-m/libc_nano.a(lib_a-realloc.o)
 .ARM.attributes
                0x0000000000000676       0x2c /home/bjoern/.arduino15/packages/arduino/tools/arm-none-eabi-gcc/7-2017q4/bin/../lib/gcc/arm-none-eabi/7.2.1/../../../../arm-none-eabi/lib/thumb/v6-m/libc_nano.a(lib_a-sbrkr.o)
 .ARM.attributes
                0x00000000000006a2       0x1c /home/bjoern/.arduino15/packages/arduino/tools/arm-none-eabi-gcc/7-2017q4/bin/../lib/gcc/arm-none-eabi/7.2.1/../../../../arm-none-eabi/lib/thumb/v6-m/libc_nano.a(lib_a-strlen.o)
 .ARM.attributes
                0x00000000000006be       0x2c /home/bjoern/.arduino15/packages/arduino/tools/arm-none-eabi-gcc/7-2017q4/bin/../lib/gcc/arm-none-eabi/7.2.1/../../../../arm-none-eabi/lib/thumb/v6-m/libc_nano.a(lib_a-mlock.o)
 .ARM.attributes
                0x00000000000006ea       0x2c /home/bjoern/.arduino15/packages/arduino/tools/arm-none-eabi-gcc/7-2017q4/bin/../lib/gcc/arm-none-eabi/7.2.1/../../../../arm-none-eabi/lib/thumb/v6-m/libc_nano.a(lib_a-nano-reallocr.o)
 .ARM.attributes
                0x0000000000000716       0x2c /home/bjoern/.arduino15/packages/arduino/tools/arm-none-eabi-gcc/7-2017q4/bin/../lib/gcc/arm-none-eabi/7.2.1/../../../../arm-none-eabi/lib/thumb/v6-m/libc_nano.a(lib_a-reent.o)
 .ARM.attributes
                0x0000000000000742       0x2c /home/bjoern/.arduino15/packages/arduino/tools/arm-none-eabi-gcc/7-2017q4/bin/../lib/gcc/arm-none-eabi/7.2.1/../../../../arm-none-eabi/lib/thumb/v6-m/libc_nano.a(lib_a-nano-msizer.o)
 .ARM.attributes
                0x000000000000076e       0x2c /home/bjoern/.arduino15/packages/arduino/tools/arm-none-eabi-gcc/7-2017q4/bin/../lib/gcc/arm-none-eabi/7.2.1/../../../../arm-none-eabi/lib/thumb/v6-m/libnosys.a(sbrk.o)
 .ARM.attributes